
Analyzing subject: 2

Configs for model BaselineDeviationModelIdEmbedHeadLora, subject 2:
  Config: bcicha/BaselineDeviationModelIdEmbedHeadLora/subject_2/win4_bs32_lr0.0001_wd0.001_dp0_llr0.01_procFalse_encFalse_cutTrue_decTrue_predecFalse_loraTrue_sdTrue, TestAcc=0.7732 ± 0.013
  Config: bcicha/BaselineDeviationModelIdEmbedHeadLora/subject_2/win4_bs64_lr0.0001_wd0.001_dp0_llr0.01_procFalse_encFalse_cutTrue_decTrue_predecFalse_loraTrue_sdFalse, TestAcc=0.7667 ± 0.008
  Config: bcicha/BaselineDeviationModelIdEmbedHeadLora/subject_2/win4_bs32_lr0.0001_wd0.1_dp0_llr0.01_procFalse_encFalse_cutTrue_decTrue_predecFalse_loraTrue_sdTrue, TestAcc=0.7614 ± 0.017
  Config: bcicha/BaselineDeviationModelIdEmbedHeadLora/subject_2/win4_bs64_lr0.0001_wd0.1_dp0_llr0.01_procFalse_encFalse_cutTrue_decTrue_predecFalse_loraTrue_sdTrue, TestAcc=0.7597 ± 0.018
  Config: bcicha/BaselineDeviationModelIdEmbedHeadLora/subject_2/win4_bs64_lr0.0001_wd0.01_dp0_llr0.01_procFalse_encFalse_cutTrue_decTrue_predecFalse_loraTrue_sdTrue, TestAcc=0.7603 ± 0.011
  Config: bcicha/BaselineDeviationModelIdEmbedHeadLora/subject_2/win4_bs64_lr0.0001_wd0.01_dp0_llr0.01_procFalse_encFalse_cutTrue_decFalse_predecFalse_loraTrue_sdTrue, TestAcc=0.7518 ± 0.015
  Config: bcicha/BaselineDeviationModelIdEmbedHeadLora/subject_2/win4_bs32_lr0.0001_wd0.001_dp0_llr0.01_procFalse_encFalse_cutTrue_decFalse_predecFalse_loraTrue_sdFalse, TestAcc=0.7621 ± 0.015
  Config: bcicha/BaselineDeviationModelIdEmbedHeadLora/subject_2/win4_bs64_lr0.0001_wd0.001_dp0_llr0.01_procFalse_encFalse_cutTrue_decFalse_predecFalse_loraTrue_sdTrue, TestAcc=0.7548 ± 0.011
  Config: bcicha/BaselineDeviationModelIdEmbedHeadLora/subject_2/win4_bs64_lr0.0001_wd0.001_dp0_llr0.01_procFalse_encFalse_cutTrue_decFalse_predecFalse_loraTrue_sdFalse, TestAcc=0.7545 ± 0.018
  Config: bcicha/BaselineDeviationModelIdEmbedHeadLora/subject_2/win4_bs32_lr0.0001_wd0.01_dp0_llr0.01_procFalse_encFalse_cutTrue_decTrue_predecFalse_loraTrue_sdTrue, TestAcc=0.7591 ± 0.020
  Config: bcicha/BaselineDeviationModelIdEmbedHeadLora/subject_2/win4_bs64_lr0.0001_wd0.1_dp0_llr0.01_procFalse_encFalse_cutTrue_decTrue_predecFalse_loraTrue_sdFalse, TestAcc=0.7569 ± 0.016
  Config: bcicha/BaselineDeviationModelIdEmbedHeadLora/subject_2/win4_bs64_lr0.0001_wd0.1_dp0_llr0.01_procFalse_encFalse_cutTrue_decFalse_predecFalse_loraTrue_sdTrue, TestAcc=0.7419 ± 0.023
  Config: bcicha/BaselineDeviationModelIdEmbedHeadLora/subject_2/win4_bs32_lr0.0001_wd0.1_dp0_llr0.01_procFalse_encFalse_cutTrue_decFalse_predecFalse_loraTrue_sdTrue, TestAcc=0.7643 ± 0.014
  Config: bcicha/BaselineDeviationModelIdEmbedHeadLora/subject_2/win4_bs32_lr0.0001_wd0.1_dp0_llr0.01_procFalse_encFalse_cutTrue_decTrue_predecFalse_loraTrue_sdFalse, TestAcc=0.7472 ± 0.032
  Config: bcicha/BaselineDeviationModelIdEmbedHeadLora/subject_2/win4_bs32_lr0.0001_wd0.1_dp0_llr0.01_procFalse_encFalse_cutTrue_decFalse_predecFalse_loraTrue_sdFalse, TestAcc=0.7488 ± 0.027
  Config: bcicha/BaselineDeviationModelIdEmbedHeadLora/subject_2/win4_bs32_lr0.0001_wd0.01_dp0_llr0.01_procFalse_encFalse_cutTrue_decTrue_predecFalse_loraTrue_sdFalse, TestAcc=0.7796 ± 0.009
  Config: bcicha/BaselineDeviationModelIdEmbedHeadLora/subject_2/win4_bs32_lr0.0001_wd0.01_dp0_llr0.01_procFalse_encFalse_cutTrue_decFalse_predecFalse_loraTrue_sdTrue, TestAcc=0.7666 ± 0.014
  Config: bcicha/BaselineDeviationModelIdEmbedHeadLora/subject_2/win4_bs64_lr0.0001_wd0.01_dp0_llr0.01_procFalse_encFalse_cutTrue_decTrue_predecFalse_loraTrue_sdFalse, TestAcc=0.7558 ± 0.010
  Config: bcicha/BaselineDeviationModelIdEmbedHeadLora/subject_2/win4_bs64_lr0.0001_wd0.01_dp0_llr0.01_procFalse_encFalse_cutTrue_decFalse_predecFalse_loraTrue_sdFalse, TestAcc=0.7623 ± 0.009
  Config: bcicha/BaselineDeviationModelIdEmbedHeadLora/subject_2/win4_bs64_lr0.0001_wd0.001_dp0_llr0.01_procFalse_encFalse_cutTrue_decTrue_predecFalse_loraTrue_sdTrue, TestAcc=0.7484 ± 0.024
  Config: bcicha/BaselineDeviationModelIdEmbedHeadLora/subject_2/win4_bs32_lr0.0001_wd0.001_dp0_llr0.01_procFalse_encFalse_cutTrue_decTrue_predecFalse_loraTrue_sdFalse, TestAcc=0.7699 ± 0.016
  Config: bcicha/BaselineDeviationModelIdEmbedHeadLora/subject_2/win4_bs64_lr0.0001_wd0.1_dp0_llr0.01_procFalse_encFalse_cutTrue_decFalse_predecFalse_loraTrue_sdFalse, TestAcc=0.7420 ± 0.022
  Config: bcicha/BaselineDeviationModelIdEmbedHeadLora/subject_2/win4_bs32_lr0.0001_wd0.01_dp0_llr0.01_procFalse_encFalse_cutTrue_decFalse_predecFalse_loraTrue_sdFalse, TestAcc=0.7600 ± 0.021
  Config: bcicha/BaselineDeviationModelIdEmbedHeadLora/subject_2/win4_bs32_lr0.0001_wd0.001_dp0_llr0.01_procFalse_encFalse_cutTrue_decFalse_predecFalse_loraTrue_sdTrue, TestAcc=0.7736 ± 0.013

Summary for Subject 2:
Model: BaselineDeviationModelIdEmbedHeadLora, Best Accuracy: 0.7796, Std: 0.0086, Best Config: bcicha/BaselineDeviationModelIdEmbedHeadLora/subject_2/win4_bs32_lr0.0001_wd0.01_dp0_llr0.01_procFalse_encFalse_cutTrue_decTrue_predecFalse_loraTrue_sdFalse

Analyzing subject: 6

Configs for model BaselineDeviationModelIdEmbedHeadLora, subject 6:
  Config: bcicha/BaselineDeviationModelIdEmbedHeadLora/subject_6/win4_bs32_lr0.0001_wd0.001_dp0_llr0.01_procFalse_encFalse_cutTrue_decTrue_predecFalse_loraTrue_sdTrue, TestAcc=0.8987 ± 0.009
  Config: bcicha/BaselineDeviationModelIdEmbedHeadLora/subject_6/win4_bs64_lr0.0001_wd0.001_dp0_llr0.01_procFalse_encFalse_cutTrue_decTrue_predecFalse_loraTrue_sdFalse, TestAcc=0.8934 ± 0.009
  Config: bcicha/BaselineDeviationModelIdEmbedHeadLora/subject_6/win4_bs32_lr0.0001_wd0.1_dp0_llr0.01_procFalse_encFalse_cutTrue_decTrue_predecFalse_loraTrue_sdTrue, TestAcc=0.8682 ± 0.038
  Config: bcicha/BaselineDeviationModelIdEmbedHeadLora/subject_6/win4_bs64_lr0.0001_wd0.1_dp0_llr0.01_procFalse_encFalse_cutTrue_decTrue_predecFalse_loraTrue_sdTrue, TestAcc=0.8940 ± 0.009
  Config: bcicha/BaselineDeviationModelIdEmbedHeadLora/subject_6/win4_bs64_lr0.0001_wd0.01_dp0_llr0.01_procFalse_encFalse_cutTrue_decTrue_predecFalse_loraTrue_sdTrue, TestAcc=0.8811 ± 0.014
  Config: bcicha/BaselineDeviationModelIdEmbedHeadLora/subject_6/win4_bs64_lr0.0001_wd0.01_dp0_llr0.01_procFalse_encFalse_cutTrue_decFalse_predecFalse_loraTrue_sdTrue, TestAcc=0.8817 ± 0.035
  Config: bcicha/BaselineDeviationModelIdEmbedHeadLora/subject_6/win4_bs32_lr0.0001_wd0.001_dp0_llr0.01_procFalse_encFalse_cutTrue_decFalse_predecFalse_loraTrue_sdFalse, TestAcc=0.8952 ± 0.026
  Config: bcicha/BaselineDeviationModelIdEmbedHeadLora/subject_6/win4_bs64_lr0.0001_wd0.001_dp0_llr0.01_procFalse_encFalse_cutTrue_decFalse_predecFalse_loraTrue_sdTrue, TestAcc=0.8911 ± 0.017
  Config: bcicha/BaselineDeviationModelIdEmbedHeadLora/subject_6/win4_bs64_lr0.0001_wd0.001_dp0_llr0.01_procFalse_encFalse_cutTrue_decFalse_predecFalse_loraTrue_sdFalse, TestAcc=0.8872 ± 0.013
  Config: bcicha/BaselineDeviationModelIdEmbedHeadLora/subject_6/win4_bs32_lr0.0001_wd0.01_dp0_llr0.01_procFalse_encFalse_cutTrue_decTrue_predecFalse_loraTrue_sdTrue, TestAcc=0.8909 ± 0.019
  Config: bcicha/BaselineDeviationModelIdEmbedHeadLora/subject_6/win4_bs64_lr0.0001_wd0.1_dp0_llr0.01_procFalse_encFalse_cutTrue_decTrue_predecFalse_loraTrue_sdFalse, TestAcc=0.8836 ± 0.011
  Config: bcicha/BaselineDeviationModelIdEmbedHeadLora/subject_6/win4_bs64_lr0.0001_wd0.1_dp0_llr0.01_procFalse_encFalse_cutTrue_decFalse_predecFalse_loraTrue_sdTrue, TestAcc=0.8930 ± 0.010
  Config: bcicha/BaselineDeviationModelIdEmbedHeadLora/subject_6/win4_bs32_lr0.0001_wd0.1_dp0_llr0.01_procFalse_encFalse_cutTrue_decFalse_predecFalse_loraTrue_sdTrue, TestAcc=0.8909 ± 0.013
  Config: bcicha/BaselineDeviationModelIdEmbedHeadLora/subject_6/win4_bs32_lr0.0001_wd0.1_dp0_llr0.01_procFalse_encFalse_cutTrue_decTrue_predecFalse_loraTrue_sdFalse, TestAcc=0.8911 ± 0.009
  Config: bcicha/BaselineDeviationModelIdEmbedHeadLora/subject_6/win4_bs32_lr0.0001_wd0.1_dp0_llr0.01_procFalse_encFalse_cutTrue_decFalse_predecFalse_loraTrue_sdFalse, TestAcc=0.8725 ± 0.019
  Config: bcicha/BaselineDeviationModelIdEmbedHeadLora/subject_6/win4_bs32_lr0.0001_wd0.01_dp0_llr0.01_procFalse_encFalse_cutTrue_decTrue_predecFalse_loraTrue_sdFalse, TestAcc=0.8954 ± 0.011
  Config: bcicha/BaselineDeviationModelIdEmbedHeadLora/subject_6/win4_bs32_lr0.0001_wd0.01_dp0_llr0.01_procFalse_encFalse_cutTrue_decFalse_predecFalse_loraTrue_sdTrue, TestAcc=0.8948 ± 0.008
  Config: bcicha/BaselineDeviationModelIdEmbedHeadLora/subject_6/win4_bs64_lr0.0001_wd0.01_dp0_llr0.01_procFalse_encFalse_cutTrue_decTrue_predecFalse_loraTrue_sdFalse, TestAcc=0.8801 ± 0.027
  Config: bcicha/BaselineDeviationModelIdEmbedHeadLora/subject_6/win4_bs64_lr0.0001_wd0.01_dp0_llr0.01_procFalse_encFalse_cutTrue_decFalse_predecFalse_loraTrue_sdFalse, TestAcc=0.8968 ± 0.013
  Config: bcicha/BaselineDeviationModelIdEmbedHeadLora/subject_6/win4_bs64_lr0.0001_wd0.001_dp0_llr0.01_procFalse_encFalse_cutTrue_decTrue_predecFalse_loraTrue_sdTrue, TestAcc=0.8954 ± 0.015
  Config: bcicha/BaselineDeviationModelIdEmbedHeadLora/subject_6/win4_bs32_lr0.0001_wd0.001_dp0_llr0.01_procFalse_encFalse_cutTrue_decTrue_predecFalse_loraTrue_sdFalse, TestAcc=0.8880 ± 0.014
  Config: bcicha/BaselineDeviationModelIdEmbedHeadLora/subject_6/win4_bs64_lr0.0001_wd0.1_dp0_llr0.01_procFalse_encFalse_cutTrue_decFalse_predecFalse_loraTrue_sdFalse, TestAcc=0.8807 ± 0.023
  Config: bcicha/BaselineDeviationModelIdEmbedHeadLora/subject_6/win4_bs32_lr0.0001_wd0.01_dp0_llr0.01_procFalse_encFalse_cutTrue_decFalse_predecFalse_loraTrue_sdFalse, TestAcc=0.9048 ± 0.015
  Config: bcicha/BaselineDeviationModelIdEmbedHeadLora/subject_6/win4_bs32_lr0.0001_wd0.001_dp0_llr0.01_procFalse_encFalse_cutTrue_decFalse_predecFalse_loraTrue_sdTrue, TestAcc=0.8719 ± 0.024

Summary for Subject 6:
Model: BaselineDeviationModelIdEmbedHeadLora, Best Accuracy: 0.9048, Std: 0.0146, Best Config: bcicha/BaselineDeviationModelIdEmbedHeadLora/subject_6/win4_bs32_lr0.0001_wd0.01_dp0_llr0.01_procFalse_encFalse_cutTrue_decFalse_predecFalse_loraTrue_sdFalse

Analyzing subject: 7

Configs for model BaselineDeviationModelIdEmbedHeadLora, subject 7:
  Config: bcicha/BaselineDeviationModelIdEmbedHeadLora/subject_7/win4_bs32_lr0.0001_wd0.001_dp0_llr0.01_procFalse_encFalse_cutTrue_decTrue_predecFalse_loraTrue_sdTrue, TestAcc=0.9498 ± 0.017
  Config: bcicha/BaselineDeviationModelIdEmbedHeadLora/subject_7/win4_bs64_lr0.0001_wd0.001_dp0_llr0.01_procFalse_encFalse_cutTrue_decTrue_predecFalse_loraTrue_sdFalse, TestAcc=0.9672 ± 0.007
  Config: bcicha/BaselineDeviationModelIdEmbedHeadLora/subject_7/win4_bs32_lr0.0001_wd0.1_dp0_llr0.01_procFalse_encFalse_cutTrue_decTrue_predecFalse_loraTrue_sdTrue, TestAcc=0.9631 ± 0.020
  Config: bcicha/BaselineDeviationModelIdEmbedHeadLora/subject_7/win4_bs64_lr0.0001_wd0.1_dp0_llr0.01_procFalse_encFalse_cutTrue_decTrue_predecFalse_loraTrue_sdTrue, TestAcc=0.9403 ± 0.033
  Config: bcicha/BaselineDeviationModelIdEmbedHeadLora/subject_7/win4_bs64_lr0.0001_wd0.01_dp0_llr0.01_procFalse_encFalse_cutTrue_decTrue_predecFalse_loraTrue_sdTrue, TestAcc=0.9693 ± 0.011
  Config: bcicha/BaselineDeviationModelIdEmbedHeadLora/subject_7/win4_bs64_lr0.0001_wd0.01_dp0_llr0.01_procFalse_encFalse_cutTrue_decFalse_predecFalse_loraTrue_sdTrue, TestAcc=0.9665 ± 0.009
  Config: bcicha/BaselineDeviationModelIdEmbedHeadLora/subject_7/win4_bs32_lr0.0001_wd0.001_dp0_llr0.01_procFalse_encFalse_cutTrue_decFalse_predecFalse_loraTrue_sdFalse, TestAcc=0.9695 ± 0.008
  Config: bcicha/BaselineDeviationModelIdEmbedHeadLora/subject_7/win4_bs64_lr0.0001_wd0.001_dp0_llr0.01_procFalse_encFalse_cutTrue_decFalse_predecFalse_loraTrue_sdTrue, TestAcc=0.9718 ± 0.006
  Config: bcicha/BaselineDeviationModelIdEmbedHeadLora/subject_7/win4_bs64_lr0.0001_wd0.001_dp0_llr0.01_procFalse_encFalse_cutTrue_decFalse_predecFalse_loraTrue_sdFalse, TestAcc=0.9614 ± 0.008
  Config: bcicha/BaselineDeviationModelIdEmbedHeadLora/subject_7/win4_bs32_lr0.0001_wd0.01_dp0_llr0.01_procFalse_encFalse_cutTrue_decTrue_predecFalse_loraTrue_sdTrue, TestAcc=0.9655 ± 0.008
  Config: bcicha/BaselineDeviationModelIdEmbedHeadLora/subject_7/win4_bs64_lr0.0001_wd0.1_dp0_llr0.01_procFalse_encFalse_cutTrue_decTrue_predecFalse_loraTrue_sdFalse, TestAcc=0.9538 ± 0.027
  Config: bcicha/BaselineDeviationModelIdEmbedHeadLora/subject_7/win4_bs64_lr0.0001_wd0.1_dp0_llr0.01_procFalse_encFalse_cutTrue_decFalse_predecFalse_loraTrue_sdTrue, TestAcc=0.9458 ± 0.014
  Config: bcicha/BaselineDeviationModelIdEmbedHeadLora/subject_7/win4_bs32_lr0.0001_wd0.1_dp0_llr0.01_procFalse_encFalse_cutTrue_decFalse_predecFalse_loraTrue_sdTrue, TestAcc=0.9375 ± 0.019
  Config: bcicha/BaselineDeviationModelIdEmbedHeadLora/subject_7/win4_bs32_lr0.0001_wd0.1_dp0_llr0.01_procFalse_encFalse_cutTrue_decTrue_predecFalse_loraTrue_sdFalse, TestAcc=0.9583 ± 0.017
  Config: bcicha/BaselineDeviationModelIdEmbedHeadLora/subject_7/win4_bs32_lr0.0001_wd0.1_dp0_llr0.01_procFalse_encFalse_cutTrue_decFalse_predecFalse_loraTrue_sdFalse, TestAcc=0.9426 ± 0.023
  Config: bcicha/BaselineDeviationModelIdEmbedHeadLora/subject_7/win4_bs32_lr0.0001_wd0.01_dp0_llr0.01_procFalse_encFalse_cutTrue_decTrue_predecFalse_loraTrue_sdFalse, TestAcc=0.9508 ± 0.021
  Config: bcicha/BaselineDeviationModelIdEmbedHeadLora/subject_7/win4_bs32_lr0.0001_wd0.01_dp0_llr0.01_procFalse_encFalse_cutTrue_decFalse_predecFalse_loraTrue_sdTrue, TestAcc=0.9364 ± 0.023
  Config: bcicha/BaselineDeviationModelIdEmbedHeadLora/subject_7/win4_bs64_lr0.0001_wd0.01_dp0_llr0.01_procFalse_encFalse_cutTrue_decTrue_predecFalse_loraTrue_sdFalse, TestAcc=0.9576 ± 0.017
  Config: bcicha/BaselineDeviationModelIdEmbedHeadLora/subject_7/win4_bs64_lr0.0001_wd0.01_dp0_llr0.01_procFalse_encFalse_cutTrue_decFalse_predecFalse_loraTrue_sdFalse, TestAcc=0.9695 ± 0.009
  Config: bcicha/BaselineDeviationModelIdEmbedHeadLora/subject_7/win4_bs64_lr0.0001_wd0.001_dp0_llr0.01_procFalse_encFalse_cutTrue_decTrue_predecFalse_loraTrue_sdTrue, TestAcc=0.9530 ± 0.010
  Config: bcicha/BaselineDeviationModelIdEmbedHeadLora/subject_7/win4_bs32_lr0.0001_wd0.001_dp0_llr0.01_procFalse_encFalse_cutTrue_decTrue_predecFalse_loraTrue_sdFalse, TestAcc=0.9553 ± 0.017
  Config: bcicha/BaselineDeviationModelIdEmbedHeadLora/subject_7/win4_bs64_lr0.0001_wd0.1_dp0_llr0.01_procFalse_encFalse_cutTrue_decFalse_predecFalse_loraTrue_sdFalse, TestAcc=0.9583 ± 0.029
  Config: bcicha/BaselineDeviationModelIdEmbedHeadLora/subject_7/win4_bs32_lr0.0001_wd0.01_dp0_llr0.01_procFalse_encFalse_cutTrue_decFalse_predecFalse_loraTrue_sdFalse, TestAcc=0.9705 ± 0.006
  Config: bcicha/BaselineDeviationModelIdEmbedHeadLora/subject_7/win4_bs32_lr0.0001_wd0.001_dp0_llr0.01_procFalse_encFalse_cutTrue_decFalse_predecFalse_loraTrue_sdTrue, TestAcc=0.9566 ± 0.011

Summary for Subject 7:
Model: BaselineDeviationModelIdEmbedHeadLora, Best Accuracy: 0.9718, Std: 0.0061, Best Config: bcicha/BaselineDeviationModelIdEmbedHeadLora/subject_7/win4_bs64_lr0.0001_wd0.001_dp0_llr0.01_procFalse_encFalse_cutTrue_decFalse_predecFalse_loraTrue_sdTrue

Analyzing subject: 11

Configs for model BaselineDeviationModelIdEmbedHeadLora, subject 11:
  Config: bcicha/BaselineDeviationModelIdEmbedHeadLora/subject_11/win4_bs32_lr0.0001_wd0.001_dp0_llr0.01_procFalse_encFalse_cutTrue_decTrue_predecFalse_loraTrue_sdTrue, TestAcc=0.7218 ± 0.005
  Config: bcicha/BaselineDeviationModelIdEmbedHeadLora/subject_11/win4_bs64_lr0.0001_wd0.001_dp0_llr0.01_procFalse_encFalse_cutTrue_decTrue_predecFalse_loraTrue_sdFalse, TestAcc=0.7140 ± 0.006
  Config: bcicha/BaselineDeviationModelIdEmbedHeadLora/subject_11/win4_bs32_lr0.0001_wd0.1_dp0_llr0.01_procFalse_encFalse_cutTrue_decTrue_predecFalse_loraTrue_sdTrue, TestAcc=0.7179 ± 0.007
  Config: bcicha/BaselineDeviationModelIdEmbedHeadLora/subject_11/win4_bs64_lr0.0001_wd0.1_dp0_llr0.01_procFalse_encFalse_cutTrue_decTrue_predecFalse_loraTrue_sdTrue, TestAcc=0.7231 ± 0.008
  Config: bcicha/BaselineDeviationModelIdEmbedHeadLora/subject_11/win4_bs64_lr0.0001_wd0.01_dp0_llr0.01_procFalse_encFalse_cutTrue_decTrue_predecFalse_loraTrue_sdTrue, TestAcc=0.7094 ± 0.008
  Config: bcicha/BaselineDeviationModelIdEmbedHeadLora/subject_11/win4_bs64_lr0.0001_wd0.01_dp0_llr0.01_procFalse_encFalse_cutTrue_decFalse_predecFalse_loraTrue_sdTrue, TestAcc=0.7129 ± 0.006
  Config: bcicha/BaselineDeviationModelIdEmbedHeadLora/subject_11/win4_bs32_lr0.0001_wd0.001_dp0_llr0.01_procFalse_encFalse_cutTrue_decFalse_predecFalse_loraTrue_sdFalse, TestAcc=0.7189 ± 0.011
  Config: bcicha/BaselineDeviationModelIdEmbedHeadLora/subject_11/win4_bs64_lr0.0001_wd0.001_dp0_llr0.01_procFalse_encFalse_cutTrue_decFalse_predecFalse_loraTrue_sdTrue, TestAcc=0.7157 ± 0.012
  Config: bcicha/BaselineDeviationModelIdEmbedHeadLora/subject_11/win4_bs64_lr0.0001_wd0.001_dp0_llr0.01_procFalse_encFalse_cutTrue_decFalse_predecFalse_loraTrue_sdFalse, TestAcc=0.7131 ± 0.009
  Config: bcicha/BaselineDeviationModelIdEmbedHeadLora/subject_11/win4_bs32_lr0.0001_wd0.01_dp0_llr0.01_procFalse_encFalse_cutTrue_decTrue_predecFalse_loraTrue_sdTrue, TestAcc=0.7205 ± 0.003
  Config: bcicha/BaselineDeviationModelIdEmbedHeadLora/subject_11/win4_bs64_lr0.0001_wd0.1_dp0_llr0.01_procFalse_encFalse_cutTrue_decTrue_predecFalse_loraTrue_sdFalse, TestAcc=0.7101 ± 0.005
  Config: bcicha/BaselineDeviationModelIdEmbedHeadLora/subject_11/win4_bs64_lr0.0001_wd0.1_dp0_llr0.01_procFalse_encFalse_cutTrue_decFalse_predecFalse_loraTrue_sdTrue, TestAcc=0.7131 ± 0.014
  Config: bcicha/BaselineDeviationModelIdEmbedHeadLora/subject_11/win4_bs32_lr0.0001_wd0.1_dp0_llr0.01_procFalse_encFalse_cutTrue_decFalse_predecFalse_loraTrue_sdTrue, TestAcc=0.7244 ± 0.006
  Config: bcicha/BaselineDeviationModelIdEmbedHeadLora/subject_11/win4_bs32_lr0.0001_wd0.1_dp0_llr0.01_procFalse_encFalse_cutTrue_decTrue_predecFalse_loraTrue_sdFalse, TestAcc=0.7054 ± 0.006
  Config: bcicha/BaselineDeviationModelIdEmbedHeadLora/subject_11/win4_bs32_lr0.0001_wd0.1_dp0_llr0.01_procFalse_encFalse_cutTrue_decFalse_predecFalse_loraTrue_sdFalse, TestAcc=0.7187 ± 0.015
  Config: bcicha/BaselineDeviationModelIdEmbedHeadLora/subject_11/win4_bs32_lr0.0001_wd0.01_dp0_llr0.01_procFalse_encFalse_cutTrue_decTrue_predecFalse_loraTrue_sdFalse, TestAcc=0.7105 ± 0.007
  Config: bcicha/BaselineDeviationModelIdEmbedHeadLora/subject_11/win4_bs32_lr0.0001_wd0.01_dp0_llr0.01_procFalse_encFalse_cutTrue_decFalse_predecFalse_loraTrue_sdTrue, TestAcc=0.7269 ± 0.004
  Config: bcicha/BaselineDeviationModelIdEmbedHeadLora/subject_11/win4_bs64_lr0.0001_wd0.01_dp0_llr0.01_procFalse_encFalse_cutTrue_decTrue_predecFalse_loraTrue_sdFalse, TestAcc=0.7158 ± 0.003
  Config: bcicha/BaselineDeviationModelIdEmbedHeadLora/subject_11/win4_bs64_lr0.0001_wd0.01_dp0_llr0.01_procFalse_encFalse_cutTrue_decFalse_predecFalse_loraTrue_sdFalse, TestAcc=0.7133 ± 0.010
  Config: bcicha/BaselineDeviationModelIdEmbedHeadLora/subject_11/win4_bs64_lr0.0001_wd0.001_dp0_llr0.01_procFalse_encFalse_cutTrue_decTrue_predecFalse_loraTrue_sdTrue, TestAcc=0.7083 ± 0.006
  Config: bcicha/BaselineDeviationModelIdEmbedHeadLora/subject_11/win4_bs32_lr0.0001_wd0.001_dp0_llr0.01_procFalse_encFalse_cutTrue_decTrue_predecFalse_loraTrue_sdFalse, TestAcc=0.7122 ± 0.013
  Config: bcicha/BaselineDeviationModelIdEmbedHeadLora/subject_11/win4_bs64_lr0.0001_wd0.1_dp0_llr0.01_procFalse_encFalse_cutTrue_decFalse_predecFalse_loraTrue_sdFalse, TestAcc=0.7135 ± 0.008
  Config: bcicha/BaselineDeviationModelIdEmbedHeadLora/subject_11/win4_bs32_lr0.0001_wd0.01_dp0_llr0.01_procFalse_encFalse_cutTrue_decFalse_predecFalse_loraTrue_sdFalse, TestAcc=0.7107 ± 0.005
  Config: bcicha/BaselineDeviationModelIdEmbedHeadLora/subject_11/win4_bs32_lr0.0001_wd0.001_dp0_llr0.01_procFalse_encFalse_cutTrue_decFalse_predecFalse_loraTrue_sdTrue, TestAcc=0.7271 ± 0.007

Summary for Subject 11:
Model: BaselineDeviationModelIdEmbedHeadLora, Best Accuracy: 0.7271, Std: 0.0072, Best Config: bcicha/BaselineDeviationModelIdEmbedHeadLora/subject_11/win4_bs32_lr0.0001_wd0.001_dp0_llr0.01_procFalse_encFalse_cutTrue_decFalse_predecFalse_loraTrue_sdTrue

Analyzing subject: 12

Configs for model BaselineDeviationModelIdEmbedHeadLora, subject 12:
  Config: bcicha/BaselineDeviationModelIdEmbedHeadLora/subject_12/win4_bs32_lr0.0001_wd0.001_dp0_llr0.01_procFalse_encFalse_cutTrue_decTrue_predecFalse_loraTrue_sdTrue, TestAcc=0.6117 ± 0.035
  Config: bcicha/BaselineDeviationModelIdEmbedHeadLora/subject_12/win4_bs64_lr0.0001_wd0.001_dp0_llr0.01_procFalse_encFalse_cutTrue_decTrue_predecFalse_loraTrue_sdFalse, TestAcc=0.5944 ± 0.027
  Config: bcicha/BaselineDeviationModelIdEmbedHeadLora/subject_12/win4_bs32_lr0.0001_wd0.1_dp0_llr0.01_procFalse_encFalse_cutTrue_decTrue_predecFalse_loraTrue_sdTrue, TestAcc=0.6138 ± 0.035
  Config: bcicha/BaselineDeviationModelIdEmbedHeadLora/subject_12/win4_bs64_lr0.0001_wd0.1_dp0_llr0.01_procFalse_encFalse_cutTrue_decTrue_predecFalse_loraTrue_sdTrue, TestAcc=0.6167 ± 0.010
  Config: bcicha/BaselineDeviationModelIdEmbedHeadLora/subject_12/win4_bs64_lr0.0001_wd0.01_dp0_llr0.01_procFalse_encFalse_cutTrue_decTrue_predecFalse_loraTrue_sdTrue, TestAcc=0.6228 ± 0.019
  Config: bcicha/BaselineDeviationModelIdEmbedHeadLora/subject_12/win4_bs64_lr0.0001_wd0.01_dp0_llr0.01_procFalse_encFalse_cutTrue_decFalse_predecFalse_loraTrue_sdTrue, TestAcc=0.5941 ± 0.026
  Config: bcicha/BaselineDeviationModelIdEmbedHeadLora/subject_12/win4_bs32_lr0.0001_wd0.001_dp0_llr0.01_procFalse_encFalse_cutTrue_decFalse_predecFalse_loraTrue_sdFalse, TestAcc=0.6137 ± 0.034
  Config: bcicha/BaselineDeviationModelIdEmbedHeadLora/subject_12/win4_bs64_lr0.0001_wd0.001_dp0_llr0.01_procFalse_encFalse_cutTrue_decFalse_predecFalse_loraTrue_sdTrue, TestAcc=0.5904 ± 0.037
  Config: bcicha/BaselineDeviationModelIdEmbedHeadLora/subject_12/win4_bs64_lr0.0001_wd0.001_dp0_llr0.01_procFalse_encFalse_cutTrue_decFalse_predecFalse_loraTrue_sdFalse, TestAcc=0.6383 ± 0.022
  Config: bcicha/BaselineDeviationModelIdEmbedHeadLora/subject_12/win4_bs32_lr0.0001_wd0.01_dp0_llr0.01_procFalse_encFalse_cutTrue_decTrue_predecFalse_loraTrue_sdTrue, TestAcc=0.5950 ± 0.024
  Config: bcicha/BaselineDeviationModelIdEmbedHeadLora/subject_12/win4_bs64_lr0.0001_wd0.1_dp0_llr0.01_procFalse_encFalse_cutTrue_decTrue_predecFalse_loraTrue_sdFalse, TestAcc=0.6267 ± 0.018
  Config: bcicha/BaselineDeviationModelIdEmbedHeadLora/subject_12/win4_bs64_lr0.0001_wd0.1_dp0_llr0.01_procFalse_encFalse_cutTrue_decFalse_predecFalse_loraTrue_sdTrue, TestAcc=0.6171 ± 0.020
  Config: bcicha/BaselineDeviationModelIdEmbedHeadLora/subject_12/win4_bs32_lr0.0001_wd0.1_dp0_llr0.01_procFalse_encFalse_cutTrue_decFalse_predecFalse_loraTrue_sdTrue, TestAcc=0.6185 ± 0.027
  Config: bcicha/BaselineDeviationModelIdEmbedHeadLora/subject_12/win4_bs32_lr0.0001_wd0.1_dp0_llr0.01_procFalse_encFalse_cutTrue_decTrue_predecFalse_loraTrue_sdFalse, TestAcc=0.6167 ± 0.029
  Config: bcicha/BaselineDeviationModelIdEmbedHeadLora/subject_12/win4_bs32_lr0.0001_wd0.1_dp0_llr0.01_procFalse_encFalse_cutTrue_decFalse_predecFalse_loraTrue_sdFalse, TestAcc=0.6031 ± 0.024
  Config: bcicha/BaselineDeviationModelIdEmbedHeadLora/subject_12/win4_bs32_lr0.0001_wd0.01_dp0_llr0.01_procFalse_encFalse_cutTrue_decTrue_predecFalse_loraTrue_sdFalse, TestAcc=0.6243 ± 0.010
  Config: bcicha/BaselineDeviationModelIdEmbedHeadLora/subject_12/win4_bs32_lr0.0001_wd0.01_dp0_llr0.01_procFalse_encFalse_cutTrue_decFalse_predecFalse_loraTrue_sdTrue, TestAcc=0.6255 ± 0.035
  Config: bcicha/BaselineDeviationModelIdEmbedHeadLora/subject_12/win4_bs64_lr0.0001_wd0.01_dp0_llr0.01_procFalse_encFalse_cutTrue_decTrue_predecFalse_loraTrue_sdFalse, TestAcc=0.6150 ± 0.019
  Config: bcicha/BaselineDeviationModelIdEmbedHeadLora/subject_12/win4_bs64_lr0.0001_wd0.01_dp0_llr0.01_procFalse_encFalse_cutTrue_decFalse_predecFalse_loraTrue_sdFalse, TestAcc=0.5993 ± 0.016
  Config: bcicha/BaselineDeviationModelIdEmbedHeadLora/subject_12/win4_bs64_lr0.0001_wd0.001_dp0_llr0.01_procFalse_encFalse_cutTrue_decTrue_predecFalse_loraTrue_sdTrue, TestAcc=0.5937 ± 0.036
  Config: bcicha/BaselineDeviationModelIdEmbedHeadLora/subject_12/win4_bs32_lr0.0001_wd0.001_dp0_llr0.01_procFalse_encFalse_cutTrue_decTrue_predecFalse_loraTrue_sdFalse, TestAcc=0.6282 ± 0.025
  Config: bcicha/BaselineDeviationModelIdEmbedHeadLora/subject_12/win4_bs64_lr0.0001_wd0.1_dp0_llr0.01_procFalse_encFalse_cutTrue_decFalse_predecFalse_loraTrue_sdFalse, TestAcc=0.6260 ± 0.024
  Config: bcicha/BaselineDeviationModelIdEmbedHeadLora/subject_12/win4_bs32_lr0.0001_wd0.01_dp0_llr0.01_procFalse_encFalse_cutTrue_decFalse_predecFalse_loraTrue_sdFalse, TestAcc=0.6018 ± 0.025
  Config: bcicha/BaselineDeviationModelIdEmbedHeadLora/subject_12/win4_bs32_lr0.0001_wd0.001_dp0_llr0.01_procFalse_encFalse_cutTrue_decFalse_predecFalse_loraTrue_sdTrue, TestAcc=0.6090 ± 0.014

Summary for Subject 12:
Model: BaselineDeviationModelIdEmbedHeadLora, Best Accuracy: 0.6383, Std: 0.0221, Best Config: bcicha/BaselineDeviationModelIdEmbedHeadLora/subject_12/win4_bs64_lr0.0001_wd0.001_dp0_llr0.01_procFalse_encFalse_cutTrue_decFalse_predecFalse_loraTrue_sdFalse

Analyzing subject: 13

Configs for model BaselineDeviationModelIdEmbedHeadLora, subject 13:
  Config: bcicha/BaselineDeviationModelIdEmbedHeadLora/subject_13/win4_bs32_lr0.0001_wd0.001_dp0_llr0.01_procFalse_encFalse_cutTrue_decTrue_predecFalse_loraTrue_sdTrue, TestAcc=0.7946 ± 0.021
  Config: bcicha/BaselineDeviationModelIdEmbedHeadLora/subject_13/win4_bs64_lr0.0001_wd0.001_dp0_llr0.01_procFalse_encFalse_cutTrue_decTrue_predecFalse_loraTrue_sdFalse, TestAcc=0.7864 ± 0.020
  Config: bcicha/BaselineDeviationModelIdEmbedHeadLora/subject_13/win4_bs32_lr0.0001_wd0.1_dp0_llr0.01_procFalse_encFalse_cutTrue_decTrue_predecFalse_loraTrue_sdTrue, TestAcc=0.7588 ± 0.037
  Config: bcicha/BaselineDeviationModelIdEmbedHeadLora/subject_13/win4_bs64_lr0.0001_wd0.1_dp0_llr0.01_procFalse_encFalse_cutTrue_decTrue_predecFalse_loraTrue_sdTrue, TestAcc=0.8091 ± 0.011
  Config: bcicha/BaselineDeviationModelIdEmbedHeadLora/subject_13/win4_bs64_lr0.0001_wd0.01_dp0_llr0.01_procFalse_encFalse_cutTrue_decTrue_predecFalse_loraTrue_sdTrue, TestAcc=0.7910 ± 0.018
  Config: bcicha/BaselineDeviationModelIdEmbedHeadLora/subject_13/win4_bs64_lr0.0001_wd0.01_dp0_llr0.01_procFalse_encFalse_cutTrue_decFalse_predecFalse_loraTrue_sdTrue, TestAcc=0.7894 ± 0.023
  Config: bcicha/BaselineDeviationModelIdEmbedHeadLora/subject_13/win4_bs32_lr0.0001_wd0.001_dp0_llr0.01_procFalse_encFalse_cutTrue_decFalse_predecFalse_loraTrue_sdFalse, TestAcc=0.7837 ± 0.024
  Config: bcicha/BaselineDeviationModelIdEmbedHeadLora/subject_13/win4_bs64_lr0.0001_wd0.001_dp0_llr0.01_procFalse_encFalse_cutTrue_decFalse_predecFalse_loraTrue_sdTrue, TestAcc=0.7915 ± 0.030
  Config: bcicha/BaselineDeviationModelIdEmbedHeadLora/subject_13/win4_bs64_lr0.0001_wd0.001_dp0_llr0.01_procFalse_encFalse_cutTrue_decFalse_predecFalse_loraTrue_sdFalse, TestAcc=0.7804 ± 0.017
  Config: bcicha/BaselineDeviationModelIdEmbedHeadLora/subject_13/win4_bs32_lr0.0001_wd0.01_dp0_llr0.01_procFalse_encFalse_cutTrue_decTrue_predecFalse_loraTrue_sdTrue, TestAcc=0.7932 ± 0.021
  Config: bcicha/BaselineDeviationModelIdEmbedHeadLora/subject_13/win4_bs64_lr0.0001_wd0.1_dp0_llr0.01_procFalse_encFalse_cutTrue_decTrue_predecFalse_loraTrue_sdFalse, TestAcc=0.8031 ± 0.024
  Config: bcicha/BaselineDeviationModelIdEmbedHeadLora/subject_13/win4_bs64_lr0.0001_wd0.1_dp0_llr0.01_procFalse_encFalse_cutTrue_decFalse_predecFalse_loraTrue_sdTrue, TestAcc=0.7905 ± 0.039
  Config: bcicha/BaselineDeviationModelIdEmbedHeadLora/subject_13/win4_bs32_lr0.0001_wd0.1_dp0_llr0.01_procFalse_encFalse_cutTrue_decFalse_predecFalse_loraTrue_sdTrue, TestAcc=0.7839 ± 0.035
  Config: bcicha/BaselineDeviationModelIdEmbedHeadLora/subject_13/win4_bs32_lr0.0001_wd0.1_dp0_llr0.01_procFalse_encFalse_cutTrue_decTrue_predecFalse_loraTrue_sdFalse, TestAcc=0.7573 ± 0.040
  Config: bcicha/BaselineDeviationModelIdEmbedHeadLora/subject_13/win4_bs32_lr0.0001_wd0.1_dp0_llr0.01_procFalse_encFalse_cutTrue_decFalse_predecFalse_loraTrue_sdFalse, TestAcc=0.7790 ± 0.016
  Config: bcicha/BaselineDeviationModelIdEmbedHeadLora/subject_13/win4_bs32_lr0.0001_wd0.01_dp0_llr0.01_procFalse_encFalse_cutTrue_decTrue_predecFalse_loraTrue_sdFalse, TestAcc=0.7734 ± 0.026
  Config: bcicha/BaselineDeviationModelIdEmbedHeadLora/subject_13/win4_bs32_lr0.0001_wd0.01_dp0_llr0.01_procFalse_encFalse_cutTrue_decFalse_predecFalse_loraTrue_sdTrue, TestAcc=0.7902 ± 0.015
  Config: bcicha/BaselineDeviationModelIdEmbedHeadLora/subject_13/win4_bs64_lr0.0001_wd0.01_dp0_llr0.01_procFalse_encFalse_cutTrue_decTrue_predecFalse_loraTrue_sdFalse, TestAcc=0.7978 ± 0.019
  Config: bcicha/BaselineDeviationModelIdEmbedHeadLora/subject_13/win4_bs64_lr0.0001_wd0.01_dp0_llr0.01_procFalse_encFalse_cutTrue_decFalse_predecFalse_loraTrue_sdFalse, TestAcc=0.8032 ± 0.015
  Config: bcicha/BaselineDeviationModelIdEmbedHeadLora/subject_13/win4_bs64_lr0.0001_wd0.001_dp0_llr0.01_procFalse_encFalse_cutTrue_decTrue_predecFalse_loraTrue_sdTrue, TestAcc=0.7910 ± 0.016
  Config: bcicha/BaselineDeviationModelIdEmbedHeadLora/subject_13/win4_bs32_lr0.0001_wd0.001_dp0_llr0.01_procFalse_encFalse_cutTrue_decTrue_predecFalse_loraTrue_sdFalse, TestAcc=0.7810 ± 0.018
  Config: bcicha/BaselineDeviationModelIdEmbedHeadLora/subject_13/win4_bs64_lr0.0001_wd0.1_dp0_llr0.01_procFalse_encFalse_cutTrue_decFalse_predecFalse_loraTrue_sdFalse, TestAcc=0.7893 ± 0.014
  Config: bcicha/BaselineDeviationModelIdEmbedHeadLora/subject_13/win4_bs32_lr0.0001_wd0.01_dp0_llr0.01_procFalse_encFalse_cutTrue_decFalse_predecFalse_loraTrue_sdFalse, TestAcc=0.7711 ± 0.024
  Config: bcicha/BaselineDeviationModelIdEmbedHeadLora/subject_13/win4_bs32_lr0.0001_wd0.001_dp0_llr0.01_procFalse_encFalse_cutTrue_decFalse_predecFalse_loraTrue_sdTrue, TestAcc=0.7994 ± 0.017

Summary for Subject 13:
Model: BaselineDeviationModelIdEmbedHeadLora, Best Accuracy: 0.8091, Std: 0.0107, Best Config: bcicha/BaselineDeviationModelIdEmbedHeadLora/subject_13/win4_bs64_lr0.0001_wd0.1_dp0_llr0.01_procFalse_encFalse_cutTrue_decTrue_predecFalse_loraTrue_sdTrue

Analyzing subject: 14

Configs for model BaselineDeviationModelIdEmbedHeadLora, subject 14:
  Config: bcicha/BaselineDeviationModelIdEmbedHeadLora/subject_14/win4_bs32_lr0.0001_wd0.001_dp0_llr0.01_procFalse_encFalse_cutTrue_decTrue_predecFalse_loraTrue_sdTrue, TestAcc=0.8002 ± 0.020
  Config: bcicha/BaselineDeviationModelIdEmbedHeadLora/subject_14/win4_bs64_lr0.0001_wd0.001_dp0_llr0.01_procFalse_encFalse_cutTrue_decTrue_predecFalse_loraTrue_sdFalse, TestAcc=0.8038 ± 0.015
  Config: bcicha/BaselineDeviationModelIdEmbedHeadLora/subject_14/win4_bs32_lr0.0001_wd0.1_dp0_llr0.01_procFalse_encFalse_cutTrue_decTrue_predecFalse_loraTrue_sdTrue, TestAcc=0.8040 ± 0.015
  Config: bcicha/BaselineDeviationModelIdEmbedHeadLora/subject_14/win4_bs64_lr0.0001_wd0.1_dp0_llr0.01_procFalse_encFalse_cutTrue_decTrue_predecFalse_loraTrue_sdTrue, TestAcc=0.8110 ± 0.007
  Config: bcicha/BaselineDeviationModelIdEmbedHeadLora/subject_14/win4_bs64_lr0.0001_wd0.01_dp0_llr0.01_procFalse_encFalse_cutTrue_decTrue_predecFalse_loraTrue_sdTrue, TestAcc=0.8145 ± 0.004
  Config: bcicha/BaselineDeviationModelIdEmbedHeadLora/subject_14/win4_bs64_lr0.0001_wd0.01_dp0_llr0.01_procFalse_encFalse_cutTrue_decFalse_predecFalse_loraTrue_sdTrue, TestAcc=0.8107 ± 0.011
  Config: bcicha/BaselineDeviationModelIdEmbedHeadLora/subject_14/win4_bs32_lr0.0001_wd0.001_dp0_llr0.01_procFalse_encFalse_cutTrue_decFalse_predecFalse_loraTrue_sdFalse, TestAcc=0.8148 ± 0.009
  Config: bcicha/BaselineDeviationModelIdEmbedHeadLora/subject_14/win4_bs64_lr0.0001_wd0.001_dp0_llr0.01_procFalse_encFalse_cutTrue_decFalse_predecFalse_loraTrue_sdTrue, TestAcc=0.8199 ± 0.010
  Config: bcicha/BaselineDeviationModelIdEmbedHeadLora/subject_14/win4_bs64_lr0.0001_wd0.001_dp0_llr0.01_procFalse_encFalse_cutTrue_decFalse_predecFalse_loraTrue_sdFalse, TestAcc=0.8186 ± 0.006
  Config: bcicha/BaselineDeviationModelIdEmbedHeadLora/subject_14/win4_bs32_lr0.0001_wd0.01_dp0_llr0.01_procFalse_encFalse_cutTrue_decTrue_predecFalse_loraTrue_sdTrue, TestAcc=0.8046 ± 0.020
  Config: bcicha/BaselineDeviationModelIdEmbedHeadLora/subject_14/win4_bs64_lr0.0001_wd0.1_dp0_llr0.01_procFalse_encFalse_cutTrue_decTrue_predecFalse_loraTrue_sdFalse, TestAcc=0.8222 ± 0.014
  Config: bcicha/BaselineDeviationModelIdEmbedHeadLora/subject_14/win4_bs64_lr0.0001_wd0.1_dp0_llr0.01_procFalse_encFalse_cutTrue_decFalse_predecFalse_loraTrue_sdTrue, TestAcc=0.8150 ± 0.009
  Config: bcicha/BaselineDeviationModelIdEmbedHeadLora/subject_14/win4_bs32_lr0.0001_wd0.1_dp0_llr0.01_procFalse_encFalse_cutTrue_decFalse_predecFalse_loraTrue_sdTrue, TestAcc=0.8140 ± 0.012
  Config: bcicha/BaselineDeviationModelIdEmbedHeadLora/subject_14/win4_bs32_lr0.0001_wd0.1_dp0_llr0.01_procFalse_encFalse_cutTrue_decTrue_predecFalse_loraTrue_sdFalse, TestAcc=0.8119 ± 0.010
  Config: bcicha/BaselineDeviationModelIdEmbedHeadLora/subject_14/win4_bs32_lr0.0001_wd0.1_dp0_llr0.01_procFalse_encFalse_cutTrue_decFalse_predecFalse_loraTrue_sdFalse, TestAcc=0.8138 ± 0.015
  Config: bcicha/BaselineDeviationModelIdEmbedHeadLora/subject_14/win4_bs32_lr0.0001_wd0.01_dp0_llr0.01_procFalse_encFalse_cutTrue_decTrue_predecFalse_loraTrue_sdFalse, TestAcc=0.8088 ± 0.009
  Config: bcicha/BaselineDeviationModelIdEmbedHeadLora/subject_14/win4_bs32_lr0.0001_wd0.01_dp0_llr0.01_procFalse_encFalse_cutTrue_decFalse_predecFalse_loraTrue_sdTrue, TestAcc=0.8074 ± 0.015
  Config: bcicha/BaselineDeviationModelIdEmbedHeadLora/subject_14/win4_bs64_lr0.0001_wd0.01_dp0_llr0.01_procFalse_encFalse_cutTrue_decTrue_predecFalse_loraTrue_sdFalse, TestAcc=0.8173 ± 0.004
  Config: bcicha/BaselineDeviationModelIdEmbedHeadLora/subject_14/win4_bs64_lr0.0001_wd0.01_dp0_llr0.01_procFalse_encFalse_cutTrue_decFalse_predecFalse_loraTrue_sdFalse, TestAcc=0.8142 ± 0.012
  Config: bcicha/BaselineDeviationModelIdEmbedHeadLora/subject_14/win4_bs64_lr0.0001_wd0.001_dp0_llr0.01_procFalse_encFalse_cutTrue_decTrue_predecFalse_loraTrue_sdTrue, TestAcc=0.8244 ± 0.005
  Config: bcicha/BaselineDeviationModelIdEmbedHeadLora/subject_14/win4_bs32_lr0.0001_wd0.001_dp0_llr0.01_procFalse_encFalse_cutTrue_decTrue_predecFalse_loraTrue_sdFalse, TestAcc=0.7963 ± 0.021
  Config: bcicha/BaselineDeviationModelIdEmbedHeadLora/subject_14/win4_bs64_lr0.0001_wd0.1_dp0_llr0.01_procFalse_encFalse_cutTrue_decFalse_predecFalse_loraTrue_sdFalse, TestAcc=0.8214 ± 0.009
  Config: bcicha/BaselineDeviationModelIdEmbedHeadLora/subject_14/win4_bs32_lr0.0001_wd0.01_dp0_llr0.01_procFalse_encFalse_cutTrue_decFalse_predecFalse_loraTrue_sdFalse, TestAcc=0.7958 ± 0.010
  Config: bcicha/BaselineDeviationModelIdEmbedHeadLora/subject_14/win4_bs32_lr0.0001_wd0.001_dp0_llr0.01_procFalse_encFalse_cutTrue_decFalse_predecFalse_loraTrue_sdTrue, TestAcc=0.7938 ± 0.009

Summary for Subject 14:
Model: BaselineDeviationModelIdEmbedHeadLora, Best Accuracy: 0.8244, Std: 0.0054, Best Config: bcicha/BaselineDeviationModelIdEmbedHeadLora/subject_14/win4_bs64_lr0.0001_wd0.001_dp0_llr0.01_procFalse_encFalse_cutTrue_decTrue_predecFalse_loraTrue_sdTrue

Analyzing subject: 16

Configs for model BaselineDeviationModelIdEmbedHeadLora, subject 16:
  Config: bcicha/BaselineDeviationModelIdEmbedHeadLora/subject_16/win4_bs32_lr0.0001_wd0.001_dp0_llr0.01_procFalse_encFalse_cutTrue_decTrue_predecFalse_loraTrue_sdTrue, TestAcc=0.7121 ± 0.011
  Config: bcicha/BaselineDeviationModelIdEmbedHeadLora/subject_16/win4_bs64_lr0.0001_wd0.001_dp0_llr0.01_procFalse_encFalse_cutTrue_decTrue_predecFalse_loraTrue_sdFalse, TestAcc=0.7147 ± 0.015
  Config: bcicha/BaselineDeviationModelIdEmbedHeadLora/subject_16/win4_bs32_lr0.0001_wd0.1_dp0_llr0.01_procFalse_encFalse_cutTrue_decTrue_predecFalse_loraTrue_sdTrue, TestAcc=0.7054 ± 0.011
  Config: bcicha/BaselineDeviationModelIdEmbedHeadLora/subject_16/win4_bs64_lr0.0001_wd0.1_dp0_llr0.01_procFalse_encFalse_cutTrue_decTrue_predecFalse_loraTrue_sdTrue, TestAcc=0.7151 ± 0.009
  Config: bcicha/BaselineDeviationModelIdEmbedHeadLora/subject_16/win4_bs64_lr0.0001_wd0.01_dp0_llr0.01_procFalse_encFalse_cutTrue_decTrue_predecFalse_loraTrue_sdTrue, TestAcc=0.7094 ± 0.009
  Config: bcicha/BaselineDeviationModelIdEmbedHeadLora/subject_16/win4_bs64_lr0.0001_wd0.01_dp0_llr0.01_procFalse_encFalse_cutTrue_decFalse_predecFalse_loraTrue_sdTrue, TestAcc=0.7045 ± 0.013
  Config: bcicha/BaselineDeviationModelIdEmbedHeadLora/subject_16/win4_bs32_lr0.0001_wd0.001_dp0_llr0.01_procFalse_encFalse_cutTrue_decFalse_predecFalse_loraTrue_sdFalse, TestAcc=0.7053 ± 0.017
  Config: bcicha/BaselineDeviationModelIdEmbedHeadLora/subject_16/win4_bs64_lr0.0001_wd0.001_dp0_llr0.01_procFalse_encFalse_cutTrue_decFalse_predecFalse_loraTrue_sdTrue, TestAcc=0.7088 ± 0.013
  Config: bcicha/BaselineDeviationModelIdEmbedHeadLora/subject_16/win4_bs64_lr0.0001_wd0.001_dp0_llr0.01_procFalse_encFalse_cutTrue_decFalse_predecFalse_loraTrue_sdFalse, TestAcc=0.7126 ± 0.015
  Config: bcicha/BaselineDeviationModelIdEmbedHeadLora/subject_16/win4_bs32_lr0.0001_wd0.01_dp0_llr0.01_procFalse_encFalse_cutTrue_decTrue_predecFalse_loraTrue_sdTrue, TestAcc=0.7138 ± 0.007
  Config: bcicha/BaselineDeviationModelIdEmbedHeadLora/subject_16/win4_bs64_lr0.0001_wd0.1_dp0_llr0.01_procFalse_encFalse_cutTrue_decTrue_predecFalse_loraTrue_sdFalse, TestAcc=0.7223 ± 0.014
  Config: bcicha/BaselineDeviationModelIdEmbedHeadLora/subject_16/win4_bs64_lr0.0001_wd0.1_dp0_llr0.01_procFalse_encFalse_cutTrue_decFalse_predecFalse_loraTrue_sdTrue, TestAcc=0.6976 ± 0.013
  Config: bcicha/BaselineDeviationModelIdEmbedHeadLora/subject_16/win4_bs32_lr0.0001_wd0.1_dp0_llr0.01_procFalse_encFalse_cutTrue_decFalse_predecFalse_loraTrue_sdTrue, TestAcc=0.7212 ± 0.010
  Config: bcicha/BaselineDeviationModelIdEmbedHeadLora/subject_16/win4_bs32_lr0.0001_wd0.1_dp0_llr0.01_procFalse_encFalse_cutTrue_decTrue_predecFalse_loraTrue_sdFalse, TestAcc=0.7018 ± 0.012
  Config: bcicha/BaselineDeviationModelIdEmbedHeadLora/subject_16/win4_bs32_lr0.0001_wd0.1_dp0_llr0.01_procFalse_encFalse_cutTrue_decFalse_predecFalse_loraTrue_sdFalse, TestAcc=0.7085 ± 0.012
  Config: bcicha/BaselineDeviationModelIdEmbedHeadLora/subject_16/win4_bs32_lr0.0001_wd0.01_dp0_llr0.01_procFalse_encFalse_cutTrue_decTrue_predecFalse_loraTrue_sdFalse, TestAcc=0.7083 ± 0.008
  Config: bcicha/BaselineDeviationModelIdEmbedHeadLora/subject_16/win4_bs32_lr0.0001_wd0.01_dp0_llr0.01_procFalse_encFalse_cutTrue_decFalse_predecFalse_loraTrue_sdTrue, TestAcc=0.7132 ± 0.008
  Config: bcicha/BaselineDeviationModelIdEmbedHeadLora/subject_16/win4_bs64_lr0.0001_wd0.01_dp0_llr0.01_procFalse_encFalse_cutTrue_decTrue_predecFalse_loraTrue_sdFalse, TestAcc=0.7069 ± 0.011
  Config: bcicha/BaselineDeviationModelIdEmbedHeadLora/subject_16/win4_bs64_lr0.0001_wd0.01_dp0_llr0.01_procFalse_encFalse_cutTrue_decFalse_predecFalse_loraTrue_sdFalse, TestAcc=0.7123 ± 0.007
  Config: bcicha/BaselineDeviationModelIdEmbedHeadLora/subject_16/win4_bs64_lr0.0001_wd0.001_dp0_llr0.01_procFalse_encFalse_cutTrue_decTrue_predecFalse_loraTrue_sdTrue, TestAcc=0.7123 ± 0.014
  Config: bcicha/BaselineDeviationModelIdEmbedHeadLora/subject_16/win4_bs32_lr0.0001_wd0.001_dp0_llr0.01_procFalse_encFalse_cutTrue_decTrue_predecFalse_loraTrue_sdFalse, TestAcc=0.6993 ± 0.011
  Config: bcicha/BaselineDeviationModelIdEmbedHeadLora/subject_16/win4_bs64_lr0.0001_wd0.1_dp0_llr0.01_procFalse_encFalse_cutTrue_decFalse_predecFalse_loraTrue_sdFalse, TestAcc=0.7040 ± 0.007
  Config: bcicha/BaselineDeviationModelIdEmbedHeadLora/subject_16/win4_bs32_lr0.0001_wd0.01_dp0_llr0.01_procFalse_encFalse_cutTrue_decFalse_predecFalse_loraTrue_sdFalse, TestAcc=0.7039 ± 0.015
  Config: bcicha/BaselineDeviationModelIdEmbedHeadLora/subject_16/win4_bs32_lr0.0001_wd0.001_dp0_llr0.01_procFalse_encFalse_cutTrue_decFalse_predecFalse_loraTrue_sdTrue, TestAcc=0.7252 ± 0.017

Summary for Subject 16:
Model: BaselineDeviationModelIdEmbedHeadLora, Best Accuracy: 0.7252, Std: 0.0171, Best Config: bcicha/BaselineDeviationModelIdEmbedHeadLora/subject_16/win4_bs32_lr0.0001_wd0.001_dp0_llr0.01_procFalse_encFalse_cutTrue_decFalse_predecFalse_loraTrue_sdTrue

Analyzing subject: 17

Configs for model BaselineDeviationModelIdEmbedHeadLora, subject 17:
  Config: bcicha/BaselineDeviationModelIdEmbedHeadLora/subject_17/win4_bs32_lr0.0001_wd0.001_dp0_llr0.01_procFalse_encFalse_cutTrue_decTrue_predecFalse_loraTrue_sdTrue, TestAcc=0.8926 ± 0.013
  Config: bcicha/BaselineDeviationModelIdEmbedHeadLora/subject_17/win4_bs64_lr0.0001_wd0.001_dp0_llr0.01_procFalse_encFalse_cutTrue_decTrue_predecFalse_loraTrue_sdFalse, TestAcc=0.8832 ± 0.013
  Config: bcicha/BaselineDeviationModelIdEmbedHeadLora/subject_17/win4_bs32_lr0.0001_wd0.1_dp0_llr0.01_procFalse_encFalse_cutTrue_decTrue_predecFalse_loraTrue_sdTrue, TestAcc=0.8996 ± 0.007
  Config: bcicha/BaselineDeviationModelIdEmbedHeadLora/subject_17/win4_bs64_lr0.0001_wd0.1_dp0_llr0.01_procFalse_encFalse_cutTrue_decTrue_predecFalse_loraTrue_sdTrue, TestAcc=0.8964 ± 0.007
  Config: bcicha/BaselineDeviationModelIdEmbedHeadLora/subject_17/win4_bs64_lr0.0001_wd0.01_dp0_llr0.01_procFalse_encFalse_cutTrue_decTrue_predecFalse_loraTrue_sdTrue, TestAcc=0.8885 ± 0.004
  Config: bcicha/BaselineDeviationModelIdEmbedHeadLora/subject_17/win4_bs64_lr0.0001_wd0.01_dp0_llr0.01_procFalse_encFalse_cutTrue_decFalse_predecFalse_loraTrue_sdTrue, TestAcc=0.8935 ± 0.005
  Config: bcicha/BaselineDeviationModelIdEmbedHeadLora/subject_17/win4_bs32_lr0.0001_wd0.001_dp0_llr0.01_procFalse_encFalse_cutTrue_decFalse_predecFalse_loraTrue_sdFalse, TestAcc=0.8877 ± 0.011
  Config: bcicha/BaselineDeviationModelIdEmbedHeadLora/subject_17/win4_bs64_lr0.0001_wd0.001_dp0_llr0.01_procFalse_encFalse_cutTrue_decFalse_predecFalse_loraTrue_sdTrue, TestAcc=0.8941 ± 0.009
  Config: bcicha/BaselineDeviationModelIdEmbedHeadLora/subject_17/win4_bs64_lr0.0001_wd0.001_dp0_llr0.01_procFalse_encFalse_cutTrue_decFalse_predecFalse_loraTrue_sdFalse, TestAcc=0.8935 ± 0.008
  Config: bcicha/BaselineDeviationModelIdEmbedHeadLora/subject_17/win4_bs32_lr0.0001_wd0.01_dp0_llr0.01_procFalse_encFalse_cutTrue_decTrue_predecFalse_loraTrue_sdTrue, TestAcc=0.9047 ± 0.012
  Config: bcicha/BaselineDeviationModelIdEmbedHeadLora/subject_17/win4_bs64_lr0.0001_wd0.1_dp0_llr0.01_procFalse_encFalse_cutTrue_decTrue_predecFalse_loraTrue_sdFalse, TestAcc=0.8963 ± 0.007
  Config: bcicha/BaselineDeviationModelIdEmbedHeadLora/subject_17/win4_bs64_lr0.0001_wd0.1_dp0_llr0.01_procFalse_encFalse_cutTrue_decFalse_predecFalse_loraTrue_sdTrue, TestAcc=0.8965 ± 0.005
  Config: bcicha/BaselineDeviationModelIdEmbedHeadLora/subject_17/win4_bs32_lr0.0001_wd0.1_dp0_llr0.01_procFalse_encFalse_cutTrue_decFalse_predecFalse_loraTrue_sdTrue, TestAcc=0.8887 ± 0.015
  Config: bcicha/BaselineDeviationModelIdEmbedHeadLora/subject_17/win4_bs32_lr0.0001_wd0.1_dp0_llr0.01_procFalse_encFalse_cutTrue_decTrue_predecFalse_loraTrue_sdFalse, TestAcc=0.8898 ± 0.007
  Config: bcicha/BaselineDeviationModelIdEmbedHeadLora/subject_17/win4_bs32_lr0.0001_wd0.1_dp0_llr0.01_procFalse_encFalse_cutTrue_decFalse_predecFalse_loraTrue_sdFalse, TestAcc=0.8946 ± 0.012
  Config: bcicha/BaselineDeviationModelIdEmbedHeadLora/subject_17/win4_bs32_lr0.0001_wd0.01_dp0_llr0.01_procFalse_encFalse_cutTrue_decTrue_predecFalse_loraTrue_sdFalse, TestAcc=0.9003 ± 0.007
  Config: bcicha/BaselineDeviationModelIdEmbedHeadLora/subject_17/win4_bs32_lr0.0001_wd0.01_dp0_llr0.01_procFalse_encFalse_cutTrue_decFalse_predecFalse_loraTrue_sdTrue, TestAcc=0.8914 ± 0.008
  Config: bcicha/BaselineDeviationModelIdEmbedHeadLora/subject_17/win4_bs64_lr0.0001_wd0.01_dp0_llr0.01_procFalse_encFalse_cutTrue_decTrue_predecFalse_loraTrue_sdFalse, TestAcc=0.8941 ± 0.008
  Config: bcicha/BaselineDeviationModelIdEmbedHeadLora/subject_17/win4_bs64_lr0.0001_wd0.01_dp0_llr0.01_procFalse_encFalse_cutTrue_decFalse_predecFalse_loraTrue_sdFalse, TestAcc=0.8923 ± 0.016
  Config: bcicha/BaselineDeviationModelIdEmbedHeadLora/subject_17/win4_bs64_lr0.0001_wd0.001_dp0_llr0.01_procFalse_encFalse_cutTrue_decTrue_predecFalse_loraTrue_sdTrue, TestAcc=0.8957 ± 0.011
  Config: bcicha/BaselineDeviationModelIdEmbedHeadLora/subject_17/win4_bs32_lr0.0001_wd0.001_dp0_llr0.01_procFalse_encFalse_cutTrue_decTrue_predecFalse_loraTrue_sdFalse, TestAcc=0.8977 ± 0.006
  Config: bcicha/BaselineDeviationModelIdEmbedHeadLora/subject_17/win4_bs64_lr0.0001_wd0.1_dp0_llr0.01_procFalse_encFalse_cutTrue_decFalse_predecFalse_loraTrue_sdFalse, TestAcc=0.8974 ± 0.011
  Config: bcicha/BaselineDeviationModelIdEmbedHeadLora/subject_17/win4_bs32_lr0.0001_wd0.01_dp0_llr0.01_procFalse_encFalse_cutTrue_decFalse_predecFalse_loraTrue_sdFalse, TestAcc=0.8994 ± 0.014
  Config: bcicha/BaselineDeviationModelIdEmbedHeadLora/subject_17/win4_bs32_lr0.0001_wd0.001_dp0_llr0.01_procFalse_encFalse_cutTrue_decFalse_predecFalse_loraTrue_sdTrue, TestAcc=0.8980 ± 0.010

Summary for Subject 17:
Model: BaselineDeviationModelIdEmbedHeadLora, Best Accuracy: 0.9047, Std: 0.0124, Best Config: bcicha/BaselineDeviationModelIdEmbedHeadLora/subject_17/win4_bs32_lr0.0001_wd0.01_dp0_llr0.01_procFalse_encFalse_cutTrue_decTrue_predecFalse_loraTrue_sdTrue

Analyzing subject: 18

Configs for model BaselineDeviationModelIdEmbedHeadLora, subject 18:
  Config: bcicha/BaselineDeviationModelIdEmbedHeadLora/subject_18/win4_bs32_lr0.0001_wd0.001_dp0_llr0.01_procFalse_encFalse_cutTrue_decTrue_predecFalse_loraTrue_sdTrue, TestAcc=0.8585 ± 0.016
  Config: bcicha/BaselineDeviationModelIdEmbedHeadLora/subject_18/win4_bs64_lr0.0001_wd0.001_dp0_llr0.01_procFalse_encFalse_cutTrue_decTrue_predecFalse_loraTrue_sdFalse, TestAcc=0.8388 ± 0.007
  Config: bcicha/BaselineDeviationModelIdEmbedHeadLora/subject_18/win4_bs32_lr0.0001_wd0.1_dp0_llr0.01_procFalse_encFalse_cutTrue_decTrue_predecFalse_loraTrue_sdTrue, TestAcc=0.8406 ± 0.022
  Config: bcicha/BaselineDeviationModelIdEmbedHeadLora/subject_18/win4_bs64_lr0.0001_wd0.1_dp0_llr0.01_procFalse_encFalse_cutTrue_decTrue_predecFalse_loraTrue_sdTrue, TestAcc=0.8457 ± 0.010
  Config: bcicha/BaselineDeviationModelIdEmbedHeadLora/subject_18/win4_bs64_lr0.0001_wd0.01_dp0_llr0.01_procFalse_encFalse_cutTrue_decTrue_predecFalse_loraTrue_sdTrue, TestAcc=0.8431 ± 0.018
  Config: bcicha/BaselineDeviationModelIdEmbedHeadLora/subject_18/win4_bs64_lr0.0001_wd0.01_dp0_llr0.01_procFalse_encFalse_cutTrue_decFalse_predecFalse_loraTrue_sdTrue, TestAcc=0.8311 ± 0.021
  Config: bcicha/BaselineDeviationModelIdEmbedHeadLora/subject_18/win4_bs32_lr0.0001_wd0.001_dp0_llr0.01_procFalse_encFalse_cutTrue_decFalse_predecFalse_loraTrue_sdFalse, TestAcc=0.8388 ± 0.015
  Config: bcicha/BaselineDeviationModelIdEmbedHeadLora/subject_18/win4_bs64_lr0.0001_wd0.001_dp0_llr0.01_procFalse_encFalse_cutTrue_decFalse_predecFalse_loraTrue_sdTrue, TestAcc=0.8374 ± 0.013
  Config: bcicha/BaselineDeviationModelIdEmbedHeadLora/subject_18/win4_bs64_lr0.0001_wd0.001_dp0_llr0.01_procFalse_encFalse_cutTrue_decFalse_predecFalse_loraTrue_sdFalse, TestAcc=0.8359 ± 0.012
  Config: bcicha/BaselineDeviationModelIdEmbedHeadLora/subject_18/win4_bs32_lr0.0001_wd0.01_dp0_llr0.01_procFalse_encFalse_cutTrue_decTrue_predecFalse_loraTrue_sdTrue, TestAcc=0.8510 ± 0.023
  Config: bcicha/BaselineDeviationModelIdEmbedHeadLora/subject_18/win4_bs64_lr0.0001_wd0.1_dp0_llr0.01_procFalse_encFalse_cutTrue_decTrue_predecFalse_loraTrue_sdFalse, TestAcc=0.8444 ± 0.010
  Config: bcicha/BaselineDeviationModelIdEmbedHeadLora/subject_18/win4_bs64_lr0.0001_wd0.1_dp0_llr0.01_procFalse_encFalse_cutTrue_decFalse_predecFalse_loraTrue_sdTrue, TestAcc=0.8504 ± 0.005
  Config: bcicha/BaselineDeviationModelIdEmbedHeadLora/subject_18/win4_bs32_lr0.0001_wd0.1_dp0_llr0.01_procFalse_encFalse_cutTrue_decFalse_predecFalse_loraTrue_sdTrue, TestAcc=0.8564 ± 0.016
  Config: bcicha/BaselineDeviationModelIdEmbedHeadLora/subject_18/win4_bs32_lr0.0001_wd0.1_dp0_llr0.01_procFalse_encFalse_cutTrue_decTrue_predecFalse_loraTrue_sdFalse, TestAcc=0.8412 ± 0.015
  Config: bcicha/BaselineDeviationModelIdEmbedHeadLora/subject_18/win4_bs32_lr0.0001_wd0.1_dp0_llr0.01_procFalse_encFalse_cutTrue_decFalse_predecFalse_loraTrue_sdFalse, TestAcc=0.8368 ± 0.015
  Config: bcicha/BaselineDeviationModelIdEmbedHeadLora/subject_18/win4_bs32_lr0.0001_wd0.01_dp0_llr0.01_procFalse_encFalse_cutTrue_decTrue_predecFalse_loraTrue_sdFalse, TestAcc=0.8529 ± 0.014
  Config: bcicha/BaselineDeviationModelIdEmbedHeadLora/subject_18/win4_bs32_lr0.0001_wd0.01_dp0_llr0.01_procFalse_encFalse_cutTrue_decFalse_predecFalse_loraTrue_sdTrue, TestAcc=0.8313 ± 0.024
  Config: bcicha/BaselineDeviationModelIdEmbedHeadLora/subject_18/win4_bs64_lr0.0001_wd0.01_dp0_llr0.01_procFalse_encFalse_cutTrue_decTrue_predecFalse_loraTrue_sdFalse, TestAcc=0.8507 ± 0.014
  Config: bcicha/BaselineDeviationModelIdEmbedHeadLora/subject_18/win4_bs64_lr0.0001_wd0.01_dp0_llr0.01_procFalse_encFalse_cutTrue_decFalse_predecFalse_loraTrue_sdFalse, TestAcc=0.8452 ± 0.006
  Config: bcicha/BaselineDeviationModelIdEmbedHeadLora/subject_18/win4_bs64_lr0.0001_wd0.001_dp0_llr0.01_procFalse_encFalse_cutTrue_decTrue_predecFalse_loraTrue_sdTrue, TestAcc=0.8370 ± 0.019
  Config: bcicha/BaselineDeviationModelIdEmbedHeadLora/subject_18/win4_bs32_lr0.0001_wd0.001_dp0_llr0.01_procFalse_encFalse_cutTrue_decTrue_predecFalse_loraTrue_sdFalse, TestAcc=0.8531 ± 0.009
  Config: bcicha/BaselineDeviationModelIdEmbedHeadLora/subject_18/win4_bs64_lr0.0001_wd0.1_dp0_llr0.01_procFalse_encFalse_cutTrue_decFalse_predecFalse_loraTrue_sdFalse, TestAcc=0.8419 ± 0.010
  Config: bcicha/BaselineDeviationModelIdEmbedHeadLora/subject_18/win4_bs32_lr0.0001_wd0.01_dp0_llr0.01_procFalse_encFalse_cutTrue_decFalse_predecFalse_loraTrue_sdFalse, TestAcc=0.8555 ± 0.011
  Config: bcicha/BaselineDeviationModelIdEmbedHeadLora/subject_18/win4_bs32_lr0.0001_wd0.001_dp0_llr0.01_procFalse_encFalse_cutTrue_decFalse_predecFalse_loraTrue_sdTrue, TestAcc=0.8555 ± 0.014

Summary for Subject 18:
Model: BaselineDeviationModelIdEmbedHeadLora, Best Accuracy: 0.8585, Std: 0.0162, Best Config: bcicha/BaselineDeviationModelIdEmbedHeadLora/subject_18/win4_bs32_lr0.0001_wd0.001_dp0_llr0.01_procFalse_encFalse_cutTrue_decTrue_predecFalse_loraTrue_sdTrue

Analyzing subject: 20

Configs for model BaselineDeviationModelIdEmbedHeadLora, subject 20:
  Config: bcicha/BaselineDeviationModelIdEmbedHeadLora/subject_20/win4_bs32_lr0.0001_wd0.001_dp0_llr0.01_procFalse_encFalse_cutTrue_decTrue_predecFalse_loraTrue_sdTrue, TestAcc=0.8673 ± 0.019
  Config: bcicha/BaselineDeviationModelIdEmbedHeadLora/subject_20/win4_bs64_lr0.0001_wd0.001_dp0_llr0.01_procFalse_encFalse_cutTrue_decTrue_predecFalse_loraTrue_sdFalse, TestAcc=0.8828 ± 0.008
  Config: bcicha/BaselineDeviationModelIdEmbedHeadLora/subject_20/win4_bs32_lr0.0001_wd0.1_dp0_llr0.01_procFalse_encFalse_cutTrue_decTrue_predecFalse_loraTrue_sdTrue, TestAcc=0.8782 ± 0.020
  Config: bcicha/BaselineDeviationModelIdEmbedHeadLora/subject_20/win4_bs64_lr0.0001_wd0.1_dp0_llr0.01_procFalse_encFalse_cutTrue_decTrue_predecFalse_loraTrue_sdTrue, TestAcc=0.8711 ± 0.011
  Config: bcicha/BaselineDeviationModelIdEmbedHeadLora/subject_20/win4_bs64_lr0.0001_wd0.01_dp0_llr0.01_procFalse_encFalse_cutTrue_decTrue_predecFalse_loraTrue_sdTrue, TestAcc=0.8800 ± 0.013
  Config: bcicha/BaselineDeviationModelIdEmbedHeadLora/subject_20/win4_bs64_lr0.0001_wd0.01_dp0_llr0.01_procFalse_encFalse_cutTrue_decFalse_predecFalse_loraTrue_sdTrue, TestAcc=0.8785 ± 0.010
  Config: bcicha/BaselineDeviationModelIdEmbedHeadLora/subject_20/win4_bs32_lr0.0001_wd0.001_dp0_llr0.01_procFalse_encFalse_cutTrue_decFalse_predecFalse_loraTrue_sdFalse, TestAcc=0.8739 ± 0.011
  Config: bcicha/BaselineDeviationModelIdEmbedHeadLora/subject_20/win4_bs64_lr0.0001_wd0.001_dp0_llr0.01_procFalse_encFalse_cutTrue_decFalse_predecFalse_loraTrue_sdTrue, TestAcc=0.8740 ± 0.009
  Config: bcicha/BaselineDeviationModelIdEmbedHeadLora/subject_20/win4_bs64_lr0.0001_wd0.001_dp0_llr0.01_procFalse_encFalse_cutTrue_decFalse_predecFalse_loraTrue_sdFalse, TestAcc=0.8678 ± 0.022
  Config: bcicha/BaselineDeviationModelIdEmbedHeadLora/subject_20/win4_bs32_lr0.0001_wd0.01_dp0_llr0.01_procFalse_encFalse_cutTrue_decTrue_predecFalse_loraTrue_sdTrue, TestAcc=0.8755 ± 0.017
  Config: bcicha/BaselineDeviationModelIdEmbedHeadLora/subject_20/win4_bs64_lr0.0001_wd0.1_dp0_llr0.01_procFalse_encFalse_cutTrue_decTrue_predecFalse_loraTrue_sdFalse, TestAcc=0.8615 ± 0.015
  Config: bcicha/BaselineDeviationModelIdEmbedHeadLora/subject_20/win4_bs64_lr0.0001_wd0.1_dp0_llr0.01_procFalse_encFalse_cutTrue_decFalse_predecFalse_loraTrue_sdTrue, TestAcc=0.8860 ± 0.007
  Config: bcicha/BaselineDeviationModelIdEmbedHeadLora/subject_20/win4_bs32_lr0.0001_wd0.1_dp0_llr0.01_procFalse_encFalse_cutTrue_decFalse_predecFalse_loraTrue_sdTrue, TestAcc=0.8841 ± 0.014
  Config: bcicha/BaselineDeviationModelIdEmbedHeadLora/subject_20/win4_bs32_lr0.0001_wd0.1_dp0_llr0.01_procFalse_encFalse_cutTrue_decTrue_predecFalse_loraTrue_sdFalse, TestAcc=0.8756 ± 0.009
  Config: bcicha/BaselineDeviationModelIdEmbedHeadLora/subject_20/win4_bs32_lr0.0001_wd0.1_dp0_llr0.01_procFalse_encFalse_cutTrue_decFalse_predecFalse_loraTrue_sdFalse, TestAcc=0.8845 ± 0.006
  Config: bcicha/BaselineDeviationModelIdEmbedHeadLora/subject_20/win4_bs32_lr0.0001_wd0.01_dp0_llr0.01_procFalse_encFalse_cutTrue_decTrue_predecFalse_loraTrue_sdFalse, TestAcc=0.8810 ± 0.015
  Config: bcicha/BaselineDeviationModelIdEmbedHeadLora/subject_20/win4_bs32_lr0.0001_wd0.01_dp0_llr0.01_procFalse_encFalse_cutTrue_decFalse_predecFalse_loraTrue_sdTrue, TestAcc=0.8833 ± 0.014
  Config: bcicha/BaselineDeviationModelIdEmbedHeadLora/subject_20/win4_bs64_lr0.0001_wd0.01_dp0_llr0.01_procFalse_encFalse_cutTrue_decTrue_predecFalse_loraTrue_sdFalse, TestAcc=0.8844 ± 0.012
  Config: bcicha/BaselineDeviationModelIdEmbedHeadLora/subject_20/win4_bs64_lr0.0001_wd0.01_dp0_llr0.01_procFalse_encFalse_cutTrue_decFalse_predecFalse_loraTrue_sdFalse, TestAcc=0.8771 ± 0.008
  Config: bcicha/BaselineDeviationModelIdEmbedHeadLora/subject_20/win4_bs64_lr0.0001_wd0.001_dp0_llr0.01_procFalse_encFalse_cutTrue_decTrue_predecFalse_loraTrue_sdTrue, TestAcc=0.8709 ± 0.010
  Config: bcicha/BaselineDeviationModelIdEmbedHeadLora/subject_20/win4_bs32_lr0.0001_wd0.001_dp0_llr0.01_procFalse_encFalse_cutTrue_decTrue_predecFalse_loraTrue_sdFalse, TestAcc=0.8727 ± 0.012
  Config: bcicha/BaselineDeviationModelIdEmbedHeadLora/subject_20/win4_bs64_lr0.0001_wd0.1_dp0_llr0.01_procFalse_encFalse_cutTrue_decFalse_predecFalse_loraTrue_sdFalse, TestAcc=0.8780 ± 0.011
  Config: bcicha/BaselineDeviationModelIdEmbedHeadLora/subject_20/win4_bs32_lr0.0001_wd0.01_dp0_llr0.01_procFalse_encFalse_cutTrue_decFalse_predecFalse_loraTrue_sdFalse, TestAcc=0.8773 ± 0.009
  Config: bcicha/BaselineDeviationModelIdEmbedHeadLora/subject_20/win4_bs32_lr0.0001_wd0.001_dp0_llr0.01_procFalse_encFalse_cutTrue_decFalse_predecFalse_loraTrue_sdTrue, TestAcc=0.8869 ± 0.010

Summary for Subject 20:
Model: BaselineDeviationModelIdEmbedHeadLora, Best Accuracy: 0.8869, Std: 0.0102, Best Config: bcicha/BaselineDeviationModelIdEmbedHeadLora/subject_20/win4_bs32_lr0.0001_wd0.001_dp0_llr0.01_procFalse_encFalse_cutTrue_decFalse_predecFalse_loraTrue_sdTrue

Analyzing subject: 21

Configs for model BaselineDeviationModelIdEmbedHeadLora, subject 21:
  Config: bcicha/BaselineDeviationModelIdEmbedHeadLora/subject_21/win4_bs32_lr0.0001_wd0.001_dp0_llr0.01_procFalse_encFalse_cutTrue_decTrue_predecFalse_loraTrue_sdTrue, TestAcc=0.8478 ± 0.060
  Config: bcicha/BaselineDeviationModelIdEmbedHeadLora/subject_21/win4_bs64_lr0.0001_wd0.001_dp0_llr0.01_procFalse_encFalse_cutTrue_decTrue_predecFalse_loraTrue_sdFalse, TestAcc=0.8706 ± 0.036
  Config: bcicha/BaselineDeviationModelIdEmbedHeadLora/subject_21/win4_bs32_lr0.0001_wd0.1_dp0_llr0.01_procFalse_encFalse_cutTrue_decTrue_predecFalse_loraTrue_sdTrue, TestAcc=0.8795 ± 0.022
  Config: bcicha/BaselineDeviationModelIdEmbedHeadLora/subject_21/win4_bs64_lr0.0001_wd0.1_dp0_llr0.01_procFalse_encFalse_cutTrue_decTrue_predecFalse_loraTrue_sdTrue, TestAcc=0.8177 ± 0.066
  Config: bcicha/BaselineDeviationModelIdEmbedHeadLora/subject_21/win4_bs64_lr0.0001_wd0.01_dp0_llr0.01_procFalse_encFalse_cutTrue_decTrue_predecFalse_loraTrue_sdTrue, TestAcc=0.8615 ± 0.032
  Config: bcicha/BaselineDeviationModelIdEmbedHeadLora/subject_21/win4_bs64_lr0.0001_wd0.01_dp0_llr0.01_procFalse_encFalse_cutTrue_decFalse_predecFalse_loraTrue_sdTrue, TestAcc=0.8676 ± 0.013
  Config: bcicha/BaselineDeviationModelIdEmbedHeadLora/subject_21/win4_bs32_lr0.0001_wd0.001_dp0_llr0.01_procFalse_encFalse_cutTrue_decFalse_predecFalse_loraTrue_sdFalse, TestAcc=0.8778 ± 0.032
  Config: bcicha/BaselineDeviationModelIdEmbedHeadLora/subject_21/win4_bs64_lr0.0001_wd0.001_dp0_llr0.01_procFalse_encFalse_cutTrue_decFalse_predecFalse_loraTrue_sdTrue, TestAcc=0.8791 ± 0.015
  Config: bcicha/BaselineDeviationModelIdEmbedHeadLora/subject_21/win4_bs64_lr0.0001_wd0.001_dp0_llr0.01_procFalse_encFalse_cutTrue_decFalse_predecFalse_loraTrue_sdFalse, TestAcc=0.8737 ± 0.014
  Config: bcicha/BaselineDeviationModelIdEmbedHeadLora/subject_21/win4_bs32_lr0.0001_wd0.01_dp0_llr0.01_procFalse_encFalse_cutTrue_decTrue_predecFalse_loraTrue_sdTrue, TestAcc=0.8555 ± 0.038
  Config: bcicha/BaselineDeviationModelIdEmbedHeadLora/subject_21/win4_bs64_lr0.0001_wd0.1_dp0_llr0.01_procFalse_encFalse_cutTrue_decTrue_predecFalse_loraTrue_sdFalse, TestAcc=0.8591 ± 0.028
  Config: bcicha/BaselineDeviationModelIdEmbedHeadLora/subject_21/win4_bs64_lr0.0001_wd0.1_dp0_llr0.01_procFalse_encFalse_cutTrue_decFalse_predecFalse_loraTrue_sdTrue, TestAcc=0.8549 ± 0.054
  Config: bcicha/BaselineDeviationModelIdEmbedHeadLora/subject_21/win4_bs32_lr0.0001_wd0.1_dp0_llr0.01_procFalse_encFalse_cutTrue_decFalse_predecFalse_loraTrue_sdTrue, TestAcc=0.8499 ± 0.059
  Config: bcicha/BaselineDeviationModelIdEmbedHeadLora/subject_21/win4_bs32_lr0.0001_wd0.1_dp0_llr0.01_procFalse_encFalse_cutTrue_decTrue_predecFalse_loraTrue_sdFalse, TestAcc=0.8463 ± 0.042
  Config: bcicha/BaselineDeviationModelIdEmbedHeadLora/subject_21/win4_bs32_lr0.0001_wd0.1_dp0_llr0.01_procFalse_encFalse_cutTrue_decFalse_predecFalse_loraTrue_sdFalse, TestAcc=0.8402 ± 0.036
  Config: bcicha/BaselineDeviationModelIdEmbedHeadLora/subject_21/win4_bs32_lr0.0001_wd0.01_dp0_llr0.01_procFalse_encFalse_cutTrue_decTrue_predecFalse_loraTrue_sdFalse, TestAcc=0.8718 ± 0.034
  Config: bcicha/BaselineDeviationModelIdEmbedHeadLora/subject_21/win4_bs32_lr0.0001_wd0.01_dp0_llr0.01_procFalse_encFalse_cutTrue_decFalse_predecFalse_loraTrue_sdTrue, TestAcc=0.8439 ± 0.061
  Config: bcicha/BaselineDeviationModelIdEmbedHeadLora/subject_21/win4_bs64_lr0.0001_wd0.01_dp0_llr0.01_procFalse_encFalse_cutTrue_decTrue_predecFalse_loraTrue_sdFalse, TestAcc=0.8637 ± 0.009
  Config: bcicha/BaselineDeviationModelIdEmbedHeadLora/subject_21/win4_bs64_lr0.0001_wd0.01_dp0_llr0.01_procFalse_encFalse_cutTrue_decFalse_predecFalse_loraTrue_sdFalse, TestAcc=0.8596 ± 0.014
  Config: bcicha/BaselineDeviationModelIdEmbedHeadLora/subject_21/win4_bs64_lr0.0001_wd0.001_dp0_llr0.01_procFalse_encFalse_cutTrue_decTrue_predecFalse_loraTrue_sdTrue, TestAcc=0.8820 ± 0.024
  Config: bcicha/BaselineDeviationModelIdEmbedHeadLora/subject_21/win4_bs32_lr0.0001_wd0.001_dp0_llr0.01_procFalse_encFalse_cutTrue_decTrue_predecFalse_loraTrue_sdFalse, TestAcc=0.8684 ± 0.030
  Config: bcicha/BaselineDeviationModelIdEmbedHeadLora/subject_21/win4_bs64_lr0.0001_wd0.1_dp0_llr0.01_procFalse_encFalse_cutTrue_decFalse_predecFalse_loraTrue_sdFalse, TestAcc=0.8778 ± 0.015
  Config: bcicha/BaselineDeviationModelIdEmbedHeadLora/subject_21/win4_bs32_lr0.0001_wd0.01_dp0_llr0.01_procFalse_encFalse_cutTrue_decFalse_predecFalse_loraTrue_sdFalse, TestAcc=0.8045 ± 0.096
  Config: bcicha/BaselineDeviationModelIdEmbedHeadLora/subject_21/win4_bs32_lr0.0001_wd0.001_dp0_llr0.01_procFalse_encFalse_cutTrue_decFalse_predecFalse_loraTrue_sdTrue, TestAcc=0.8378 ± 0.053

Summary for Subject 21:
Model: BaselineDeviationModelIdEmbedHeadLora, Best Accuracy: 0.8820, Std: 0.0240, Best Config: bcicha/BaselineDeviationModelIdEmbedHeadLora/subject_21/win4_bs64_lr0.0001_wd0.001_dp0_llr0.01_procFalse_encFalse_cutTrue_decTrue_predecFalse_loraTrue_sdTrue

Analyzing subject: 22

Configs for model BaselineDeviationModelIdEmbedHeadLora, subject 22:
  Config: bcicha/BaselineDeviationModelIdEmbedHeadLora/subject_22/win4_bs32_lr0.0001_wd0.001_dp0_llr0.01_procFalse_encFalse_cutTrue_decTrue_predecFalse_loraTrue_sdTrue, TestAcc=0.9270 ± 0.018
  Config: bcicha/BaselineDeviationModelIdEmbedHeadLora/subject_22/win4_bs64_lr0.0001_wd0.001_dp0_llr0.01_procFalse_encFalse_cutTrue_decTrue_predecFalse_loraTrue_sdFalse, TestAcc=0.9292 ± 0.026
  Config: bcicha/BaselineDeviationModelIdEmbedHeadLora/subject_22/win4_bs32_lr0.0001_wd0.1_dp0_llr0.01_procFalse_encFalse_cutTrue_decTrue_predecFalse_loraTrue_sdTrue, TestAcc=0.9267 ± 0.021
  Config: bcicha/BaselineDeviationModelIdEmbedHeadLora/subject_22/win4_bs64_lr0.0001_wd0.1_dp0_llr0.01_procFalse_encFalse_cutTrue_decTrue_predecFalse_loraTrue_sdTrue, TestAcc=0.8803 ± 0.039
  Config: bcicha/BaselineDeviationModelIdEmbedHeadLora/subject_22/win4_bs64_lr0.0001_wd0.01_dp0_llr0.01_procFalse_encFalse_cutTrue_decTrue_predecFalse_loraTrue_sdTrue, TestAcc=0.9343 ± 0.026
  Config: bcicha/BaselineDeviationModelIdEmbedHeadLora/subject_22/win4_bs64_lr0.0001_wd0.01_dp0_llr0.01_procFalse_encFalse_cutTrue_decFalse_predecFalse_loraTrue_sdTrue, TestAcc=0.9194 ± 0.026
  Config: bcicha/BaselineDeviationModelIdEmbedHeadLora/subject_22/win4_bs32_lr0.0001_wd0.001_dp0_llr0.01_procFalse_encFalse_cutTrue_decFalse_predecFalse_loraTrue_sdFalse, TestAcc=0.9358 ± 0.016
  Config: bcicha/BaselineDeviationModelIdEmbedHeadLora/subject_22/win4_bs64_lr0.0001_wd0.001_dp0_llr0.01_procFalse_encFalse_cutTrue_decFalse_predecFalse_loraTrue_sdTrue, TestAcc=0.9350 ± 0.021
  Config: bcicha/BaselineDeviationModelIdEmbedHeadLora/subject_22/win4_bs64_lr0.0001_wd0.001_dp0_llr0.01_procFalse_encFalse_cutTrue_decFalse_predecFalse_loraTrue_sdFalse, TestAcc=0.9353 ± 0.012
  Config: bcicha/BaselineDeviationModelIdEmbedHeadLora/subject_22/win4_bs32_lr0.0001_wd0.01_dp0_llr0.01_procFalse_encFalse_cutTrue_decTrue_predecFalse_loraTrue_sdTrue, TestAcc=0.9245 ± 0.017
  Config: bcicha/BaselineDeviationModelIdEmbedHeadLora/subject_22/win4_bs64_lr0.0001_wd0.1_dp0_llr0.01_procFalse_encFalse_cutTrue_decTrue_predecFalse_loraTrue_sdFalse, TestAcc=0.9072 ± 0.072
  Config: bcicha/BaselineDeviationModelIdEmbedHeadLora/subject_22/win4_bs64_lr0.0001_wd0.1_dp0_llr0.01_procFalse_encFalse_cutTrue_decFalse_predecFalse_loraTrue_sdTrue, TestAcc=0.9111 ± 0.025
  Config: bcicha/BaselineDeviationModelIdEmbedHeadLora/subject_22/win4_bs32_lr0.0001_wd0.1_dp0_llr0.01_procFalse_encFalse_cutTrue_decFalse_predecFalse_loraTrue_sdTrue, TestAcc=0.9050 ± 0.044
  Config: bcicha/BaselineDeviationModelIdEmbedHeadLora/subject_22/win4_bs32_lr0.0001_wd0.1_dp0_llr0.01_procFalse_encFalse_cutTrue_decTrue_predecFalse_loraTrue_sdFalse, TestAcc=0.9109 ± 0.020
  Config: bcicha/BaselineDeviationModelIdEmbedHeadLora/subject_22/win4_bs32_lr0.0001_wd0.1_dp0_llr0.01_procFalse_encFalse_cutTrue_decFalse_predecFalse_loraTrue_sdFalse, TestAcc=0.9096 ± 0.035
  Config: bcicha/BaselineDeviationModelIdEmbedHeadLora/subject_22/win4_bs32_lr0.0001_wd0.01_dp0_llr0.01_procFalse_encFalse_cutTrue_decTrue_predecFalse_loraTrue_sdFalse, TestAcc=0.9250 ± 0.019
  Config: bcicha/BaselineDeviationModelIdEmbedHeadLora/subject_22/win4_bs32_lr0.0001_wd0.01_dp0_llr0.01_procFalse_encFalse_cutTrue_decFalse_predecFalse_loraTrue_sdTrue, TestAcc=0.9311 ± 0.017
  Config: bcicha/BaselineDeviationModelIdEmbedHeadLora/subject_22/win4_bs64_lr0.0001_wd0.01_dp0_llr0.01_procFalse_encFalse_cutTrue_decTrue_predecFalse_loraTrue_sdFalse, TestAcc=0.9241 ± 0.011
  Config: bcicha/BaselineDeviationModelIdEmbedHeadLora/subject_22/win4_bs64_lr0.0001_wd0.01_dp0_llr0.01_procFalse_encFalse_cutTrue_decFalse_predecFalse_loraTrue_sdFalse, TestAcc=0.9123 ± 0.014
  Config: bcicha/BaselineDeviationModelIdEmbedHeadLora/subject_22/win4_bs64_lr0.0001_wd0.001_dp0_llr0.01_procFalse_encFalse_cutTrue_decTrue_predecFalse_loraTrue_sdTrue, TestAcc=0.9077 ± 0.009
  Config: bcicha/BaselineDeviationModelIdEmbedHeadLora/subject_22/win4_bs32_lr0.0001_wd0.001_dp0_llr0.01_procFalse_encFalse_cutTrue_decTrue_predecFalse_loraTrue_sdFalse, TestAcc=0.9231 ± 0.015
  Config: bcicha/BaselineDeviationModelIdEmbedHeadLora/subject_22/win4_bs64_lr0.0001_wd0.1_dp0_llr0.01_procFalse_encFalse_cutTrue_decFalse_predecFalse_loraTrue_sdFalse, TestAcc=0.9324 ± 0.021
  Config: bcicha/BaselineDeviationModelIdEmbedHeadLora/subject_22/win4_bs32_lr0.0001_wd0.01_dp0_llr0.01_procFalse_encFalse_cutTrue_decFalse_predecFalse_loraTrue_sdFalse, TestAcc=0.9160 ± 0.023
  Config: bcicha/BaselineDeviationModelIdEmbedHeadLora/subject_22/win4_bs32_lr0.0001_wd0.001_dp0_llr0.01_procFalse_encFalse_cutTrue_decFalse_predecFalse_loraTrue_sdTrue, TestAcc=0.9228 ± 0.022

Summary for Subject 22:
Model: BaselineDeviationModelIdEmbedHeadLora, Best Accuracy: 0.9358, Std: 0.0155, Best Config: bcicha/BaselineDeviationModelIdEmbedHeadLora/subject_22/win4_bs32_lr0.0001_wd0.001_dp0_llr0.01_procFalse_encFalse_cutTrue_decFalse_predecFalse_loraTrue_sdFalse

Analyzing subject: 23

Configs for model BaselineDeviationModelIdEmbedHeadLora, subject 23:
  Config: bcicha/BaselineDeviationModelIdEmbedHeadLora/subject_23/win4_bs32_lr0.0001_wd0.001_dp0_llr0.01_procFalse_encFalse_cutTrue_decTrue_predecFalse_loraTrue_sdTrue, TestAcc=0.7975 ± 0.007
  Config: bcicha/BaselineDeviationModelIdEmbedHeadLora/subject_23/win4_bs64_lr0.0001_wd0.001_dp0_llr0.01_procFalse_encFalse_cutTrue_decTrue_predecFalse_loraTrue_sdFalse, TestAcc=0.8000 ± 0.003
  Config: bcicha/BaselineDeviationModelIdEmbedHeadLora/subject_23/win4_bs32_lr0.0001_wd0.1_dp0_llr0.01_procFalse_encFalse_cutTrue_decTrue_predecFalse_loraTrue_sdTrue, TestAcc=0.7919 ± 0.013
  Config: bcicha/BaselineDeviationModelIdEmbedHeadLora/subject_23/win4_bs64_lr0.0001_wd0.1_dp0_llr0.01_procFalse_encFalse_cutTrue_decTrue_predecFalse_loraTrue_sdTrue, TestAcc=0.7952 ± 0.008
  Config: bcicha/BaselineDeviationModelIdEmbedHeadLora/subject_23/win4_bs64_lr0.0001_wd0.01_dp0_llr0.01_procFalse_encFalse_cutTrue_decTrue_predecFalse_loraTrue_sdTrue, TestAcc=0.7921 ± 0.007
  Config: bcicha/BaselineDeviationModelIdEmbedHeadLora/subject_23/win4_bs64_lr0.0001_wd0.01_dp0_llr0.01_procFalse_encFalse_cutTrue_decFalse_predecFalse_loraTrue_sdTrue, TestAcc=0.8009 ± 0.008
  Config: bcicha/BaselineDeviationModelIdEmbedHeadLora/subject_23/win4_bs32_lr0.0001_wd0.001_dp0_llr0.01_procFalse_encFalse_cutTrue_decFalse_predecFalse_loraTrue_sdFalse, TestAcc=0.8060 ± 0.008
  Config: bcicha/BaselineDeviationModelIdEmbedHeadLora/subject_23/win4_bs64_lr0.0001_wd0.001_dp0_llr0.01_procFalse_encFalse_cutTrue_decFalse_predecFalse_loraTrue_sdTrue, TestAcc=0.7855 ± 0.005
  Config: bcicha/BaselineDeviationModelIdEmbedHeadLora/subject_23/win4_bs64_lr0.0001_wd0.001_dp0_llr0.01_procFalse_encFalse_cutTrue_decFalse_predecFalse_loraTrue_sdFalse, TestAcc=0.7940 ± 0.004
  Config: bcicha/BaselineDeviationModelIdEmbedHeadLora/subject_23/win4_bs32_lr0.0001_wd0.01_dp0_llr0.01_procFalse_encFalse_cutTrue_decTrue_predecFalse_loraTrue_sdTrue, TestAcc=0.7921 ± 0.003
  Config: bcicha/BaselineDeviationModelIdEmbedHeadLora/subject_23/win4_bs64_lr0.0001_wd0.1_dp0_llr0.01_procFalse_encFalse_cutTrue_decTrue_predecFalse_loraTrue_sdFalse, TestAcc=0.8059 ± 0.004
  Config: bcicha/BaselineDeviationModelIdEmbedHeadLora/subject_23/win4_bs64_lr0.0001_wd0.1_dp0_llr0.01_procFalse_encFalse_cutTrue_decFalse_predecFalse_loraTrue_sdTrue, TestAcc=0.7944 ± 0.005
  Config: bcicha/BaselineDeviationModelIdEmbedHeadLora/subject_23/win4_bs32_lr0.0001_wd0.1_dp0_llr0.01_procFalse_encFalse_cutTrue_decFalse_predecFalse_loraTrue_sdTrue, TestAcc=0.7975 ± 0.008
  Config: bcicha/BaselineDeviationModelIdEmbedHeadLora/subject_23/win4_bs32_lr0.0001_wd0.1_dp0_llr0.01_procFalse_encFalse_cutTrue_decTrue_predecFalse_loraTrue_sdFalse, TestAcc=0.7855 ± 0.010
  Config: bcicha/BaselineDeviationModelIdEmbedHeadLora/subject_23/win4_bs32_lr0.0001_wd0.1_dp0_llr0.01_procFalse_encFalse_cutTrue_decFalse_predecFalse_loraTrue_sdFalse, TestAcc=0.7997 ± 0.009
  Config: bcicha/BaselineDeviationModelIdEmbedHeadLora/subject_23/win4_bs32_lr0.0001_wd0.01_dp0_llr0.01_procFalse_encFalse_cutTrue_decTrue_predecFalse_loraTrue_sdFalse, TestAcc=0.7960 ± 0.004
  Config: bcicha/BaselineDeviationModelIdEmbedHeadLora/subject_23/win4_bs32_lr0.0001_wd0.01_dp0_llr0.01_procFalse_encFalse_cutTrue_decFalse_predecFalse_loraTrue_sdTrue, TestAcc=0.7905 ± 0.006
  Config: bcicha/BaselineDeviationModelIdEmbedHeadLora/subject_23/win4_bs64_lr0.0001_wd0.01_dp0_llr0.01_procFalse_encFalse_cutTrue_decTrue_predecFalse_loraTrue_sdFalse, TestAcc=0.7955 ± 0.007
  Config: bcicha/BaselineDeviationModelIdEmbedHeadLora/subject_23/win4_bs64_lr0.0001_wd0.01_dp0_llr0.01_procFalse_encFalse_cutTrue_decFalse_predecFalse_loraTrue_sdFalse, TestAcc=0.7946 ± 0.009
  Config: bcicha/BaselineDeviationModelIdEmbedHeadLora/subject_23/win4_bs64_lr0.0001_wd0.001_dp0_llr0.01_procFalse_encFalse_cutTrue_decTrue_predecFalse_loraTrue_sdTrue, TestAcc=0.7936 ± 0.006
  Config: bcicha/BaselineDeviationModelIdEmbedHeadLora/subject_23/win4_bs32_lr0.0001_wd0.001_dp0_llr0.01_procFalse_encFalse_cutTrue_decTrue_predecFalse_loraTrue_sdFalse, TestAcc=0.7964 ± 0.010
  Config: bcicha/BaselineDeviationModelIdEmbedHeadLora/subject_23/win4_bs64_lr0.0001_wd0.1_dp0_llr0.01_procFalse_encFalse_cutTrue_decFalse_predecFalse_loraTrue_sdFalse, TestAcc=0.7994 ± 0.003
  Config: bcicha/BaselineDeviationModelIdEmbedHeadLora/subject_23/win4_bs32_lr0.0001_wd0.01_dp0_llr0.01_procFalse_encFalse_cutTrue_decFalse_predecFalse_loraTrue_sdFalse, TestAcc=0.7873 ± 0.015
  Config: bcicha/BaselineDeviationModelIdEmbedHeadLora/subject_23/win4_bs32_lr0.0001_wd0.001_dp0_llr0.01_procFalse_encFalse_cutTrue_decFalse_predecFalse_loraTrue_sdTrue, TestAcc=0.7970 ± 0.003

Summary for Subject 23:
Model: BaselineDeviationModelIdEmbedHeadLora, Best Accuracy: 0.8060, Std: 0.0079, Best Config: bcicha/BaselineDeviationModelIdEmbedHeadLora/subject_23/win4_bs32_lr0.0001_wd0.001_dp0_llr0.01_procFalse_encFalse_cutTrue_decFalse_predecFalse_loraTrue_sdFalse

Analyzing subject: 24

Configs for model BaselineDeviationModelIdEmbedHeadLora, subject 24:
  Config: bcicha/BaselineDeviationModelIdEmbedHeadLora/subject_24/win4_bs32_lr0.0001_wd0.001_dp0_llr0.01_procFalse_encFalse_cutTrue_decTrue_predecFalse_loraTrue_sdTrue, TestAcc=0.7270 ± 0.008
  Config: bcicha/BaselineDeviationModelIdEmbedHeadLora/subject_24/win4_bs64_lr0.0001_wd0.001_dp0_llr0.01_procFalse_encFalse_cutTrue_decTrue_predecFalse_loraTrue_sdFalse, TestAcc=0.7158 ± 0.029
  Config: bcicha/BaselineDeviationModelIdEmbedHeadLora/subject_24/win4_bs32_lr0.0001_wd0.1_dp0_llr0.01_procFalse_encFalse_cutTrue_decTrue_predecFalse_loraTrue_sdTrue, TestAcc=0.7619 ± 0.029
  Config: bcicha/BaselineDeviationModelIdEmbedHeadLora/subject_24/win4_bs64_lr0.0001_wd0.1_dp0_llr0.01_procFalse_encFalse_cutTrue_decTrue_predecFalse_loraTrue_sdTrue, TestAcc=0.7298 ± 0.020
  Config: bcicha/BaselineDeviationModelIdEmbedHeadLora/subject_24/win4_bs64_lr0.0001_wd0.01_dp0_llr0.01_procFalse_encFalse_cutTrue_decTrue_predecFalse_loraTrue_sdTrue, TestAcc=0.7358 ± 0.016
  Config: bcicha/BaselineDeviationModelIdEmbedHeadLora/subject_24/win4_bs64_lr0.0001_wd0.01_dp0_llr0.01_procFalse_encFalse_cutTrue_decFalse_predecFalse_loraTrue_sdTrue, TestAcc=0.7423 ± 0.015
  Config: bcicha/BaselineDeviationModelIdEmbedHeadLora/subject_24/win4_bs32_lr0.0001_wd0.001_dp0_llr0.01_procFalse_encFalse_cutTrue_decFalse_predecFalse_loraTrue_sdFalse, TestAcc=0.7317 ± 0.015
  Config: bcicha/BaselineDeviationModelIdEmbedHeadLora/subject_24/win4_bs64_lr0.0001_wd0.001_dp0_llr0.01_procFalse_encFalse_cutTrue_decFalse_predecFalse_loraTrue_sdTrue, TestAcc=0.7287 ± 0.025
  Config: bcicha/BaselineDeviationModelIdEmbedHeadLora/subject_24/win4_bs64_lr0.0001_wd0.001_dp0_llr0.01_procFalse_encFalse_cutTrue_decFalse_predecFalse_loraTrue_sdFalse, TestAcc=0.7112 ± 0.010
  Config: bcicha/BaselineDeviationModelIdEmbedHeadLora/subject_24/win4_bs32_lr0.0001_wd0.01_dp0_llr0.01_procFalse_encFalse_cutTrue_decTrue_predecFalse_loraTrue_sdTrue, TestAcc=0.7230 ± 0.016
  Config: bcicha/BaselineDeviationModelIdEmbedHeadLora/subject_24/win4_bs64_lr0.0001_wd0.1_dp0_llr0.01_procFalse_encFalse_cutTrue_decTrue_predecFalse_loraTrue_sdFalse, TestAcc=0.7403 ± 0.023
  Config: bcicha/BaselineDeviationModelIdEmbedHeadLora/subject_24/win4_bs64_lr0.0001_wd0.1_dp0_llr0.01_procFalse_encFalse_cutTrue_decFalse_predecFalse_loraTrue_sdTrue, TestAcc=0.7374 ± 0.038
  Config: bcicha/BaselineDeviationModelIdEmbedHeadLora/subject_24/win4_bs32_lr0.0001_wd0.1_dp0_llr0.01_procFalse_encFalse_cutTrue_decFalse_predecFalse_loraTrue_sdTrue, TestAcc=0.7283 ± 0.040
  Config: bcicha/BaselineDeviationModelIdEmbedHeadLora/subject_24/win4_bs32_lr0.0001_wd0.1_dp0_llr0.01_procFalse_encFalse_cutTrue_decTrue_predecFalse_loraTrue_sdFalse, TestAcc=0.7403 ± 0.031
  Config: bcicha/BaselineDeviationModelIdEmbedHeadLora/subject_24/win4_bs32_lr0.0001_wd0.1_dp0_llr0.01_procFalse_encFalse_cutTrue_decFalse_predecFalse_loraTrue_sdFalse, TestAcc=0.7571 ± 0.029
  Config: bcicha/BaselineDeviationModelIdEmbedHeadLora/subject_24/win4_bs32_lr0.0001_wd0.01_dp0_llr0.01_procFalse_encFalse_cutTrue_decTrue_predecFalse_loraTrue_sdFalse, TestAcc=0.7197 ± 0.017
  Config: bcicha/BaselineDeviationModelIdEmbedHeadLora/subject_24/win4_bs32_lr0.0001_wd0.01_dp0_llr0.01_procFalse_encFalse_cutTrue_decFalse_predecFalse_loraTrue_sdTrue, TestAcc=0.7165 ± 0.023
  Config: bcicha/BaselineDeviationModelIdEmbedHeadLora/subject_24/win4_bs64_lr0.0001_wd0.01_dp0_llr0.01_procFalse_encFalse_cutTrue_decTrue_predecFalse_loraTrue_sdFalse, TestAcc=0.7269 ± 0.035
  Config: bcicha/BaselineDeviationModelIdEmbedHeadLora/subject_24/win4_bs64_lr0.0001_wd0.01_dp0_llr0.01_procFalse_encFalse_cutTrue_decFalse_predecFalse_loraTrue_sdFalse, TestAcc=0.7212 ± 0.012
  Config: bcicha/BaselineDeviationModelIdEmbedHeadLora/subject_24/win4_bs64_lr0.0001_wd0.001_dp0_llr0.01_procFalse_encFalse_cutTrue_decTrue_predecFalse_loraTrue_sdTrue, TestAcc=0.7184 ± 0.031
  Config: bcicha/BaselineDeviationModelIdEmbedHeadLora/subject_24/win4_bs32_lr0.0001_wd0.001_dp0_llr0.01_procFalse_encFalse_cutTrue_decTrue_predecFalse_loraTrue_sdFalse, TestAcc=0.7293 ± 0.011
  Config: bcicha/BaselineDeviationModelIdEmbedHeadLora/subject_24/win4_bs64_lr0.0001_wd0.1_dp0_llr0.01_procFalse_encFalse_cutTrue_decFalse_predecFalse_loraTrue_sdFalse, TestAcc=0.7213 ± 0.029
  Config: bcicha/BaselineDeviationModelIdEmbedHeadLora/subject_24/win4_bs32_lr0.0001_wd0.01_dp0_llr0.01_procFalse_encFalse_cutTrue_decFalse_predecFalse_loraTrue_sdFalse, TestAcc=0.7346 ± 0.025
  Config: bcicha/BaselineDeviationModelIdEmbedHeadLora/subject_24/win4_bs32_lr0.0001_wd0.001_dp0_llr0.01_procFalse_encFalse_cutTrue_decFalse_predecFalse_loraTrue_sdTrue, TestAcc=0.7339 ± 0.027

Summary for Subject 24:
Model: BaselineDeviationModelIdEmbedHeadLora, Best Accuracy: 0.7619, Std: 0.0291, Best Config: bcicha/BaselineDeviationModelIdEmbedHeadLora/subject_24/win4_bs32_lr0.0001_wd0.1_dp0_llr0.01_procFalse_encFalse_cutTrue_decTrue_predecFalse_loraTrue_sdTrue

Analyzing subject: 26

Configs for model BaselineDeviationModelIdEmbedHeadLora, subject 26:
  Config: bcicha/BaselineDeviationModelIdEmbedHeadLora/subject_26/win4_bs32_lr0.0001_wd0.001_dp0_llr0.01_procFalse_encFalse_cutTrue_decTrue_predecFalse_loraTrue_sdTrue, TestAcc=0.6248 ± 0.014
  Config: bcicha/BaselineDeviationModelIdEmbedHeadLora/subject_26/win4_bs64_lr0.0001_wd0.001_dp0_llr0.01_procFalse_encFalse_cutTrue_decTrue_predecFalse_loraTrue_sdFalse, TestAcc=0.6158 ± 0.009
  Config: bcicha/BaselineDeviationModelIdEmbedHeadLora/subject_26/win4_bs32_lr0.0001_wd0.1_dp0_llr0.01_procFalse_encFalse_cutTrue_decTrue_predecFalse_loraTrue_sdTrue, TestAcc=0.6220 ± 0.006
  Config: bcicha/BaselineDeviationModelIdEmbedHeadLora/subject_26/win4_bs64_lr0.0001_wd0.1_dp0_llr0.01_procFalse_encFalse_cutTrue_decTrue_predecFalse_loraTrue_sdTrue, TestAcc=0.6184 ± 0.015
  Config: bcicha/BaselineDeviationModelIdEmbedHeadLora/subject_26/win4_bs64_lr0.0001_wd0.01_dp0_llr0.01_procFalse_encFalse_cutTrue_decTrue_predecFalse_loraTrue_sdTrue, TestAcc=0.6168 ± 0.009
  Config: bcicha/BaselineDeviationModelIdEmbedHeadLora/subject_26/win4_bs64_lr0.0001_wd0.01_dp0_llr0.01_procFalse_encFalse_cutTrue_decFalse_predecFalse_loraTrue_sdTrue, TestAcc=0.6145 ± 0.011
  Config: bcicha/BaselineDeviationModelIdEmbedHeadLora/subject_26/win4_bs32_lr0.0001_wd0.001_dp0_llr0.01_procFalse_encFalse_cutTrue_decFalse_predecFalse_loraTrue_sdFalse, TestAcc=0.6118 ± 0.005
  Config: bcicha/BaselineDeviationModelIdEmbedHeadLora/subject_26/win4_bs64_lr0.0001_wd0.001_dp0_llr0.01_procFalse_encFalse_cutTrue_decFalse_predecFalse_loraTrue_sdTrue, TestAcc=0.6056 ± 0.012
  Config: bcicha/BaselineDeviationModelIdEmbedHeadLora/subject_26/win4_bs64_lr0.0001_wd0.001_dp0_llr0.01_procFalse_encFalse_cutTrue_decFalse_predecFalse_loraTrue_sdFalse, TestAcc=0.6156 ± 0.017
  Config: bcicha/BaselineDeviationModelIdEmbedHeadLora/subject_26/win4_bs32_lr0.0001_wd0.01_dp0_llr0.01_procFalse_encFalse_cutTrue_decTrue_predecFalse_loraTrue_sdTrue, TestAcc=0.6154 ± 0.015
  Config: bcicha/BaselineDeviationModelIdEmbedHeadLora/subject_26/win4_bs64_lr0.0001_wd0.1_dp0_llr0.01_procFalse_encFalse_cutTrue_decTrue_predecFalse_loraTrue_sdFalse, TestAcc=0.6115 ± 0.007
  Config: bcicha/BaselineDeviationModelIdEmbedHeadLora/subject_26/win4_bs64_lr0.0001_wd0.1_dp0_llr0.01_procFalse_encFalse_cutTrue_decFalse_predecFalse_loraTrue_sdTrue, TestAcc=0.6076 ± 0.019
  Config: bcicha/BaselineDeviationModelIdEmbedHeadLora/subject_26/win4_bs32_lr0.0001_wd0.1_dp0_llr0.01_procFalse_encFalse_cutTrue_decFalse_predecFalse_loraTrue_sdTrue, TestAcc=0.6038 ± 0.011
  Config: bcicha/BaselineDeviationModelIdEmbedHeadLora/subject_26/win4_bs32_lr0.0001_wd0.1_dp0_llr0.01_procFalse_encFalse_cutTrue_decTrue_predecFalse_loraTrue_sdFalse, TestAcc=0.6193 ± 0.017
  Config: bcicha/BaselineDeviationModelIdEmbedHeadLora/subject_26/win4_bs32_lr0.0001_wd0.1_dp0_llr0.01_procFalse_encFalse_cutTrue_decFalse_predecFalse_loraTrue_sdFalse, TestAcc=0.6119 ± 0.007
  Config: bcicha/BaselineDeviationModelIdEmbedHeadLora/subject_26/win4_bs32_lr0.0001_wd0.01_dp0_llr0.01_procFalse_encFalse_cutTrue_decTrue_predecFalse_loraTrue_sdFalse, TestAcc=0.6154 ± 0.013
  Config: bcicha/BaselineDeviationModelIdEmbedHeadLora/subject_26/win4_bs32_lr0.0001_wd0.01_dp0_llr0.01_procFalse_encFalse_cutTrue_decFalse_predecFalse_loraTrue_sdTrue, TestAcc=0.6218 ± 0.024
  Config: bcicha/BaselineDeviationModelIdEmbedHeadLora/subject_26/win4_bs64_lr0.0001_wd0.01_dp0_llr0.01_procFalse_encFalse_cutTrue_decTrue_predecFalse_loraTrue_sdFalse, TestAcc=0.6107 ± 0.016
  Config: bcicha/BaselineDeviationModelIdEmbedHeadLora/subject_26/win4_bs64_lr0.0001_wd0.01_dp0_llr0.01_procFalse_encFalse_cutTrue_decFalse_predecFalse_loraTrue_sdFalse, TestAcc=0.6072 ± 0.005
  Config: bcicha/BaselineDeviationModelIdEmbedHeadLora/subject_26/win4_bs64_lr0.0001_wd0.001_dp0_llr0.01_procFalse_encFalse_cutTrue_decTrue_predecFalse_loraTrue_sdTrue, TestAcc=0.6072 ± 0.012
  Config: bcicha/BaselineDeviationModelIdEmbedHeadLora/subject_26/win4_bs32_lr0.0001_wd0.001_dp0_llr0.01_procFalse_encFalse_cutTrue_decTrue_predecFalse_loraTrue_sdFalse, TestAcc=0.6126 ± 0.016
  Config: bcicha/BaselineDeviationModelIdEmbedHeadLora/subject_26/win4_bs64_lr0.0001_wd0.1_dp0_llr0.01_procFalse_encFalse_cutTrue_decFalse_predecFalse_loraTrue_sdFalse, TestAcc=0.6053 ± 0.008
  Config: bcicha/BaselineDeviationModelIdEmbedHeadLora/subject_26/win4_bs32_lr0.0001_wd0.01_dp0_llr0.01_procFalse_encFalse_cutTrue_decFalse_predecFalse_loraTrue_sdFalse, TestAcc=0.6228 ± 0.019
  Config: bcicha/BaselineDeviationModelIdEmbedHeadLora/subject_26/win4_bs32_lr0.0001_wd0.001_dp0_llr0.01_procFalse_encFalse_cutTrue_decFalse_predecFalse_loraTrue_sdTrue, TestAcc=0.6106 ± 0.007

Summary for Subject 26:
Model: BaselineDeviationModelIdEmbedHeadLora, Best Accuracy: 0.6248, Std: 0.0138, Best Config: bcicha/BaselineDeviationModelIdEmbedHeadLora/subject_26/win4_bs32_lr0.0001_wd0.001_dp0_llr0.01_procFalse_encFalse_cutTrue_decTrue_predecFalse_loraTrue_sdTrue

===== Overall Best Models Across Subjects =====
Subject 2: Best Model = BaselineDeviationModelIdEmbedHeadLora, Accuracy = 0.7796, Std = 0.0086
Subject 6: Best Model = BaselineDeviationModelIdEmbedHeadLora, Accuracy = 0.9048, Std = 0.0146
Subject 7: Best Model = BaselineDeviationModelIdEmbedHeadLora, Accuracy = 0.9718, Std = 0.0061
Subject 11: Best Model = BaselineDeviationModelIdEmbedHeadLora, Accuracy = 0.7271, Std = 0.0072
Subject 12: Best Model = BaselineDeviationModelIdEmbedHeadLora, Accuracy = 0.6383, Std = 0.0221
Subject 13: Best Model = BaselineDeviationModelIdEmbedHeadLora, Accuracy = 0.8091, Std = 0.0107
Subject 14: Best Model = BaselineDeviationModelIdEmbedHeadLora, Accuracy = 0.8244, Std = 0.0054
Subject 16: Best Model = BaselineDeviationModelIdEmbedHeadLora, Accuracy = 0.7252, Std = 0.0171
Subject 17: Best Model = BaselineDeviationModelIdEmbedHeadLora, Accuracy = 0.9047, Std = 0.0124
Subject 18: Best Model = BaselineDeviationModelIdEmbedHeadLora, Accuracy = 0.8585, Std = 0.0162
Subject 20: Best Model = BaselineDeviationModelIdEmbedHeadLora, Accuracy = 0.8869, Std = 0.0102
Subject 21: Best Model = BaselineDeviationModelIdEmbedHeadLora, Accuracy = 0.8820, Std = 0.0240
Subject 22: Best Model = BaselineDeviationModelIdEmbedHeadLora, Accuracy = 0.9358, Std = 0.0155
Subject 23: Best Model = BaselineDeviationModelIdEmbedHeadLora, Accuracy = 0.8060, Std = 0.0079
Subject 24: Best Model = BaselineDeviationModelIdEmbedHeadLora, Accuracy = 0.7619, Std = 0.0291
Subject 26: Best Model = BaselineDeviationModelIdEmbedHeadLora, Accuracy = 0.6248, Std = 0.0138

Mean Best Accuracy Across Models: 0.8151
Std Dev of Best Accuracy Across Models: 0.0982
